{"variant": "m1.0_default", "seed": 12, "replicate": 0, "score": 304.24538717747924, "time": 312.8000000000026, "alive": 0, "eaten": 12, "starved": 18, "young_deaths": 7, "births": 25.0, "policy_mean_ms": 0.554343414342278, "policy_p95_ms": 1.1591000002226792, "wall": 16.13709999999992}
{"variant": "m2.2", "seed": 12, "replicate": 0, "score": 599.5814881117758, "time": 606.5000000000693, "alive": 0, "eaten": 18, "starved": 45, "young_deaths": 28, "births": 58.0, "policy_mean_ms": 0.5701088705645125, "policy_p95_ms": 1.1268000016571023, "wall": 28.16513060000034}
{"variant": "m2.2", "seed": 11, "replicate": 0, "score": 448.1752765757588, "time": 451.80000000003423, "alive": 0, "eaten": 32, "starved": 27, "young_deaths": 20, "births": 54.0, "policy_mean_ms": 0.8285546480615273, "policy_p95_ms": 1.6218000000662869, "wall": 30.617015899999387}
{"variant": "m3.0", "seed": 11, "replicate": 0, "score": 588.414892831089, "time": 569.4000000000609, "alive": 0, "eaten": 17, "starved": 40, "young_deaths": 16, "births": 52.0, "policy_mean_ms": 0.7057706357663539, "policy_p95_ms": 1.5346000000135973, "wall": 31.811538500000097}
{"variant": "m1.6", "seed": 12, "replicate": 0, "score": 717.553903656614, "time": 715.8000000000942, "alive": 0, "eaten": 17, "starved": 46, "young_deaths": 21, "births": 58.0, "policy_mean_ms": 0.5292007543962977, "policy_p95_ms": 1.214300000356161, "wall": 34.58757479999986}
{"variant": "m1.6", "seed": 11, "replicate": 0, "score": 845.1186557878744, "time": 800.7000000001135, "alive": 0, "eaten": 25, "starved": 36, "young_deaths": 18, "births": 56.0, "policy_mean_ms": 0.534242550277829, "policy_p95_ms": 1.0857999986910727, "wall": 37.78125060000093}
{"variant": "m3.0", "seed": 12, "replicate": 0, "score": 600.3555501905515, "time": 604.5000000000689, "alive": 0, "eaten": 22, "starved": 48, "young_deaths": 29, "births": 65.0, "policy_mean_ms": 0.6691522911479665, "policy_p95_ms": 1.4429000002564862, "wall": 29.09983640000064}
{"variant": "m2.2", "seed": 13, "replicate": 0, "score": 404.3092127381085, "time": 382.5000000000185, "alive": 0, "eaten": 6, "starved": 26, "young_deaths": 8, "births": 27.0, "policy_mean_ms": 0.4918004444358434, "policy_p95_ms": 0.946400001339498, "wall": 16.581086199999845}
{"variant": "m1.0_default", "seed": 11, "replicate": 0, "score": 884.2784255599435, "time": 863.0000000001277, "alive": 0, "eaten": 37, "starved": 52, "young_deaths": 29, "births": 84.0, "policy_mean_ms": 0.5965494322075648, "policy_p95_ms": 1.2728000001516193, "wall": 48.69751730000098}
{"variant": "m3.0", "seed": 13, "replicate": 0, "score": 527.1295744765439, "time": 507.1000000000468, "alive": 0, "eaten": 14, "starved": 37, "young_deaths": 14, "births": 46.0, "policy_mean_ms": 0.5755303687605338, "policy_p95_ms": 1.0468999989825534, "wall": 23.622937999998612}
{"variant": "m1.6", "seed": 13, "replicate": 0, "score": 672.8344690704554, "time": 641.3000000000773, "alive": 0, "eaten": 6, "starved": 46, "young_deaths": 11, "births": 47.0, "policy_mean_ms": 0.4967381412842649, "policy_p95_ms": 1.0621000001265202, "wall": 30.362302499999714}
{"variant": "m1.0_default", "seed": 13, "replicate": 0, "score": 755.3701430763423, "time": 738.1000000000993, "alive": 0, "eaten": 21, "starved": 52, "young_deaths": 22, "births": 68.0, "policy_mean_ms": 0.5954968838912456, "policy_p95_ms": 1.1823000004369533, "wall": 39.1438976999998}
{"variant": "m2.2", "seed": 14, "replicate": 0, "score": 459.47186778352034, "time": 458.3000000000357, "alive": 0, "eaten": 13, "starved": 41, "young_deaths": 16, "births": 49.0, "policy_mean_ms": 0.6490311586182751, "policy_p95_ms": 1.383200000418583, "wall": 24.365678500000286}
{"variant": "m1.0_default", "seed": 15, "replicate": 0, "score": 296.9548032128845, "time": 287.4999999999969, "alive": 0, "eaten": 16, "starved": 16, "young_deaths": 11, "births": 27.0, "policy_mean_ms": 0.7428880347844983, "policy_p95_ms": 1.4989999999670545, "wall": 17.849574300000313}
{"variant": "m1.0_default", "seed": 14, "replicate": 0, "score": 822.5407869950441, "time": 803.4000000001141, "alive": 0, "eaten": 25, "starved": 50, "young_deaths": 22, "births": 70.0, "policy_mean_ms": 0.5507400547715505, "policy_p95_ms": 1.1652000011963537, "wall": 45.5622156999998}
{"variant": "m2.2", "seed": 15, "replicate": 0, "score": 368.69907899312585, "time": 354.8000000000122, "alive": 0, "eaten": 12, "starved": 26, "young_deaths": 15, "births": 33.0, "policy_mean_ms": 0.6549496054328497, "policy_p95_ms": 1.418300000295858, "wall": 18.87044909999895}
{"variant": "m3.0", "seed": 14, "replicate": 0, "score": 683.3620277019061, "time": 678.0000000000856, "alive": 0, "eaten": 28, "starved": 40, "young_deaths": 18, "births": 63.0, "policy_mean_ms": 0.6542361799300468, "policy_p95_ms": 1.2662000008276664, "wall": 40.91393739999876}
{"variant": "m1.6", "seed": 15, "replicate": 0, "score": 596.4912320638804, "time": 570.8000000000612, "alive": 0, "eaten": 24, "starved": 31, "young_deaths": 16, "births": 50.0, "policy_mean_ms": 0.6905878591464404, "policy_p95_ms": 1.3794999995297985, "wall": 31.02914620000047}
{"variant": "m1.6", "seed": 14, "replicate": 0, "score": 830.5481723788087, "time": 826.2000000001193, "alive": 0, "eaten": 33, "starved": 50, "young_deaths": 28, "births": 78.0, "policy_mean_ms": 0.7245883805416812, "policy_p95_ms": 1.6341999998985557, "wall": 51.22546550000152}
{"variant": "m1.6", "seed": 16, "replicate": 0, "score": 279.04042296028865, "time": 254.6999999999898, "alive": 0, "eaten": 2, "starved": 24, "young_deaths": 4, "births": 21.0, "policy_mean_ms": 0.8934079701646415, "policy_p95_ms": 1.6152999996847939, "wall": 17.61075890000029}
{"variant": "m3.0", "seed": 15, "replicate": 0, "score": 671.4646519005372, "time": 628.7000000000744, "alive": 0, "eaten": 8, "starved": 48, "young_deaths": 11, "births": 51.0, "policy_mean_ms": 0.7195309845827472, "policy_p95_ms": 1.3872999988961965, "wall": 34.82703009999932}
{"variant": "m1.0_default", "seed": 16, "replicate": 0, "score": 497.21958934403807, "time": 519.2000000000495, "alive": 0, "eaten": 37, "starved": 26, "young_deaths": 28, "births": 58.0, "policy_mean_ms": 0.7758077041456529, "policy_p95_ms": 1.5949999997246778, "wall": 35.72813339999993}
{"variant": "m3.0", "seed": 16, "replicate": 0, "score": 468.81325891981504, "time": 437.2000000000309, "alive": 0, "eaten": 11, "starved": 36, "young_deaths": 19, "births": 42.0, "policy_mean_ms": 0.8147731015619812, "policy_p95_ms": 1.6863999990164302, "wall": 27.47241050000048}
{"variant": "m2.2", "seed": 16, "replicate": 0, "score": 658.7652985583662, "time": 638.5000000000766, "alive": 0, "eaten": 23, "starved": 44, "young_deaths": 20, "births": 62.0, "policy_mean_ms": 0.9490599373541868, "policy_p95_ms": 1.923099998748512, "wall": 40.58242869999958}
{"variant": "m1.0_default", "seed": 17, "replicate": 0, "score": 731.8756540381714, "time": 707.7000000000924, "alive": 0, "eaten": 26, "starved": 42, "young_deaths": 18, "births": 63.0, "policy_mean_ms": 0.5534938674500632, "policy_p95_ms": 1.0949000006803544, "wall": 40.39124660000016}
{"variant": "m1.6", "seed": 17, "replicate": 0, "score": 727.1301461128716, "time": 692.2000000000888, "alive": 0, "eaten": 21, "starved": 38, "young_deaths": 13, "births": 54.0, "policy_mean_ms": 0.6138865501233839, "policy_p95_ms": 1.2033000002702465, "wall": 37.328828099998645}
{"variant": "m3.0", "seed": 17, "replicate": 0, "score": 551.2560978835894, "time": 511.70000000004785, "alive": 0, "eaten": 15, "starved": 41, "young_deaths": 18, "births": 51.0, "policy_mean_ms": 0.7790491694449105, "policy_p95_ms": 1.5922000002319692, "wall": 30.571153999999297}
{"variant": "m2.2", "seed": 17, "replicate": 0, "score": 787.205188595436, "time": 758.4000000001039, "alive": 0, "eaten": 17, "starved": 54, "young_deaths": 24, "births": 66.0, "policy_mean_ms": 0.5310638581321279, "policy_p95_ms": 1.1056000003009103, "wall": 39.566790999999284}
{"variant": "m1.0_default", "seed": 18, "replicate": 0, "score": 643.8894916345695, "time": 617.5000000000719, "alive": 0, "eaten": 15, "starved": 38, "young_deaths": 17, "births": 48.0, "policy_mean_ms": 0.5604626720801004, "policy_p95_ms": 1.0528999991947785, "wall": 31.44407300000057}
{"variant": "m2.2", "seed": 18, "replicate": 0, "score": 306.05475644464127, "time": 294.1999999999984, "alive": 0, "eaten": 13, "starved": 24, "young_deaths": 16, "births": 32.0, "policy_mean_ms": 0.6834890550663287, "policy_p95_ms": 1.6109999996842816, "wall": 17.08474159999969}
{"variant": "m1.6", "seed": 18, "replicate": 0, "score": 688.8315575869373, "time": 667.7000000000833, "alive": 0, "eaten": 22, "starved": 44, "young_deaths": 27, "births": 61.0, "policy_mean_ms": 0.4681722929440761, "policy_p95_ms": 1.0104000011779135, "wall": 32.415191900001446}
{"variant": "m1.6", "seed": 19, "replicate": 0, "score": 559.453351254935, "time": 547.4000000000559, "alive": 0, "eaten": 29, "starved": 29, "young_deaths": 18, "births": 53.0, "policy_mean_ms": 0.6826428023308986, "policy_p95_ms": 1.3846999991073972, "wall": 30.763445800001136}
{"variant": "m1.0_default", "seed": 19, "replicate": 0, "score": 661.8920578430786, "time": 649.100000000079, "alive": 0, "eaten": 29, "starved": 38, "young_deaths": 20, "births": 62.0, "policy_mean_ms": 0.8197088738140754, "policy_p95_ms": 1.6376000003219815, "wall": 38.59969649999948}
{"variant": "m3.0", "seed": 18, "replicate": 0, "score": 971.4665052465831, "time": 915.1000000001395, "alive": 0, "eaten": 19, "starved": 65, "young_deaths": 27, "births": 79.0, "policy_mean_ms": 0.5084266418954229, "policy_p95_ms": 1.1598000000958564, "wall": 45.32652229999985}
{"variant": "m3.0", "seed": 19, "replicate": 0, "score": 675.6270207384564, "time": 647.8000000000787, "alive": 0, "eaten": 27, "starved": 47, "young_deaths": 32, "births": 69.0, "policy_mean_ms": 0.6788383606008831, "policy_p95_ms": 1.3519000003725523, "wall": 35.11990770000011}
{"variant": "m1.6", "seed": 20, "replicate": 0, "score": 680.3460503822631, "time": 662.9000000000822, "alive": 0, "eaten": 32, "starved": 33, "young_deaths": 22, "births": 60.0, "policy_mean_ms": 0.5734566902952625, "policy_p95_ms": 1.104200000554556, "wall": 34.592357900000934}
{"variant": "m1.0_default", "seed": 20, "replicate": 0, "score": 771.376824417532, "time": 768.7000000001062, "alive": 0, "eaten": 47, "starved": 45, "young_deaths": 35, "births": 87.0, "policy_mean_ms": 0.6236782880322073, "policy_p95_ms": 1.2588999998115469, "wall": 41.57593690000067}
{"variant": "m2.2", "seed": 20, "replicate": 0, "score": 371.68744439763555, "time": 366.20000000001477, "alive": 0, "eaten": 19, "starved": 17, "young_deaths": 16, "births": 31.0, "policy_mean_ms": 0.5871788640167565, "policy_p95_ms": 1.2692000000242842, "wall": 18.687642299999425}
{"variant": "m1.0_default", "seed": 12, "replicate": 1, "score": 454.6367439001456, "time": 442.9000000000322, "alive": 0, "eaten": 16, "starved": 28, "young_deaths": 15, "births": 39.0, "policy_mean_ms": 0.6440297358295939, "policy_p95_ms": 1.3240000007499475, "wall": 22.06722869999976}
{"variant": "m1.6", "seed": 11, "replicate": 1, "score": 573.8777572742625, "time": 552.9000000000572, "alive": 0, "eaten": 24, "starved": 30, "young_deaths": 17, "births": 49.0, "policy_mean_ms": 0.5947479652787917, "policy_p95_ms": 1.0913999994954793, "wall": 33.340260599999965}
{"variant": "m2.2", "seed": 11, "replicate": 1, "score": 602.40106986008, "time": 582.2000000000638, "alive": 0, "eaten": 16, "starved": 38, "young_deaths": 14, "births": 49.0, "policy_mean_ms": 0.6655797148784719, "policy_p95_ms": 1.3412999996944563, "wall": 30.707957800001168}
{"variant": "m1.0_default", "seed": 11, "replicate": 1, "score": 784.1822377088104, "time": 772.200000000107, "alive": 0, "eaten": 30, "starved": 54, "young_deaths": 31, "births": 79.0, "policy_mean_ms": 0.6512189199610855, "policy_p95_ms": 1.3302999996085418, "wall": 42.28123870000127}
{"variant": "m2.2", "seed": 19, "replicate": 0, "score": 1438.143083290786, "time": 1387.1999999998338, "alive": 0, "eaten": 31, "starved": 96, "young_deaths": 42, "births": 122.0, "policy_mean_ms": 0.48293791809767744, "policy_p95_ms": 1.109500000893604, "wall": 80.31561749999855}
{"variant": "m3.0", "seed": 11, "replicate": 1, "score": 691.1214925198808, "time": 687.9000000000879, "alive": 0, "eaten": 31, "starved": 37, "young_deaths": 27, "births": 63.0, "policy_mean_ms": 0.6237979357544922, "policy_p95_ms": 1.4389000007213326, "wall": 37.20304109999961}
{"variant": "m3.0", "seed": 20, "replicate": 0, "score": 1125.1536478316063, "time": 1079.4000000001138, "alive": 0, "eaten": 27, "starved": 71, "young_deaths": 38, "births": 93.0, "policy_mean_ms": 0.5335163053693417, "policy_p95_ms": 1.104299999497016, "wall": 53.79556179999963}
{"variant": "m3.0", "seed": 12, "replicate": 1, "score": 439.6479667638684, "time": 429.3000000000291, "alive": 0, "eaten": 12, "starved": 29, "young_deaths": 16, "births": 36.0, "policy_mean_ms": 0.6924634754325034, "policy_p95_ms": 1.432500001101289, "wall": 22.73388630000045}
{"variant": "m2.2", "seed": 13, "replicate": 1, "score": 459.10802992021564, "time": 441.2000000000318, "alive": 0, "eaten": 13, "starved": 27, "young_deaths": 10, "births": 35.0, "policy_mean_ms": 0.5504980054393407, "policy_p95_ms": 1.2606000000232598, "wall": 19.34962479999922}
{"variant": "m1.0_default", "seed": 13, "replicate": 1, "score": 446.33546179867847, "time": 426.6000000000285, "alive": 0, "eaten": 9, "starved": 32, "young_deaths": 7, "births": 36.0, "policy_mean_ms": 0.6809266994683197, "policy_p95_ms": 1.3474000006681308, "wall": 22.109889499999554}
{"variant": "m1.6", "seed": 12, "replicate": 1, "score": 665.3620615354489, "time": 695.0000000000895, "alive": 0, "eaten": 34, "starved": 48, "young_deaths": 24, "births": 77.0, "policy_mean_ms": 0.6493024892112359, "policy_p95_ms": 1.3496999999915715, "wall": 35.54823390000092}
{"variant": "m2.2", "seed": 12, "replicate": 1, "score": 916.5555045089831, "time": 889.2000000001336, "alive": 0, "eaten": 21, "starved": 75, "young_deaths": 42, "births": 91.0, "policy_mean_ms": 0.6798765744444664, "policy_p95_ms": 1.3548999995691702, "wall": 43.74019400000179}
{"variant": "m3.0", "seed": 13, "replicate": 1, "score": 763.6928293752608, "time": 754.300000000103, "alive": 0, "eaten": 27, "starved": 37, "young_deaths": 23, "births": 59.0, "policy_mean_ms": 0.4800662866321873, "policy_p95_ms": 1.1063000001740875, "wall": 35.66077000000041}
{"variant": "m1.0_default", "seed": 14, "replicate": 1, "score": 532.398196268469, "time": 525.3000000000509, "alive": 0, "eaten": 24, "starved": 29, "young_deaths": 12, "births": 48.0, "policy_mean_ms": 0.644779002471393, "policy_p95_ms": 1.4025000000401633, "wall": 28.666328699999212}
{"variant": "m1.6", "seed": 14, "replicate": 1, "score": 622.8910852766654, "time": 608.7000000000698, "alive": 0, "eaten": 15, "starved": 40, "young_deaths": 20, "births": 50.0, "policy_mean_ms": 0.7506498439268152, "policy_p95_ms": 1.624999998966814, "wall": 31.11517829999866}
{"variant": "m1.6", "seed": 13, "replicate": 1, "score": 1073.38499037041, "time": 1052.6000000001382, "alive": 0, "eaten": 27, "starved": 65, "young_deaths": 35, "births": 87.0, "policy_mean_ms": 0.5213977959236576, "policy_p95_ms": 1.228600000104052, "wall": 57.68633930000033}
{"variant": "m2.2", "seed": 15, "replicate": 1, "score": 364.7129903705907, "time": 354.60000000001213, "alive": 0, "eaten": 15, "starved": 21, "young_deaths": 14, "births": 31.0, "policy_mean_ms": 0.5579043993184447, "policy_p95_ms": 1.218499999595224, "wall": 16.92700380000133}
{"variant": "m3.0", "seed": 14, "replicate": 1, "score": 757.0328185612519, "time": 741.2000000001, "alive": 0, "eaten": 21, "starved": 55, "young_deaths": 30, "births": 71.0, "policy_mean_ms": 0.6509212898014718, "policy_p95_ms": 1.3564000000769738, "wall": 38.167182400000456}
{"variant": "m2.2", "seed": 14, "replicate": 1, "score": 1015.2269478935336, "time": 994.4000000001575, "alive": 0, "eaten": 32, "starved": 74, "young_deaths": 37, "births": 101.0, "policy_mean_ms": 0.6473751608977788, "policy_p95_ms": 1.3143000014679274, "wall": 50.38154239999858}
{"variant": "m1.6", "seed": 15, "replicate": 1, "score": 654.9289284133126, "time": 627.7000000000742, "alive": 0, "eaten": 24, "starved": 40, "young_deaths": 16, "births": 59.0, "policy_mean_ms": 0.7558605703354039, "policy_p95_ms": 1.305200001297635, "wall": 41.358878000000914}
{"variant": "m3.0", "seed": 15, "replicate": 1, "score": 642.400635389572, "time": 609.50000000007, "alive": 0, "eaten": 9, "starved": 47, "young_deaths": 21, "births": 51.0, "policy_mean_ms": 0.7870803609617123, "policy_p95_ms": 1.6358000011678087, "wall": 35.569549499999994}
{"variant": "m1.0_default", "seed": 15, "replicate": 1, "score": 1033.6730992803548, "time": 974.1000000001529, "alive": 0, "eaten": 14, "starved": 74, "young_deaths": 20, "births": 83.0, "policy_mean_ms": 0.6782844677271269, "policy_p95_ms": 1.35019999834185, "wall": 64.69647129999976}
{"variant": "m1.0_default", "seed": 16, "replicate": 1, "score": 746.7979349762867, "time": 697.10000000009, "alive": 0, "eaten": 14, "starved": 58, "young_deaths": 25, "births": 67.0, "policy_mean_ms": 0.9688410271122477, "policy_p95_ms": 2.141700000720448, "wall": 48.03688880000118}
{"variant": "m3.0", "seed": 16, "replicate": 1, "score": 516.7699733757239, "time": 500.6000000000453, "alive": 0, "eaten": 21, "starved": 37, "young_deaths": 15, "births": 53.0, "policy_mean_ms": 0.9513101877803787, "policy_p95_ms": 1.7329000002064276, "wall": 36.05105220000041}
{"variant": "m1.6", "seed": 17, "replicate": 1, "score": 298.54131512641317, "time": 288.4999999999971, "alive": 0, "eaten": 14, "starved": 20, "young_deaths": 13, "births": 29.0, "policy_mean_ms": 0.7887440554644464, "policy_p95_ms": 1.4250000003812602, "wall": 20.95102240000051}
{"variant": "m2.2", "seed": 16, "replicate": 1, "score": 828.0140360075301, "time": 830.5000000001203, "alive": 0, "eaten": 44, "starved": 62, "young_deaths": 49, "births": 101.0, "policy_mean_ms": 0.9683081998876522, "policy_p95_ms": 1.8791000002238434, "wall": 58.22934630000054}
{"variant": "m1.0_default", "seed": 17, "replicate": 1, "score": 845.5656209417341, "time": 823.5000000001187, "alive": 0, "eaten": 27, "starved": 45, "young_deaths": 24, "births": 67.0, "policy_mean_ms": 0.5329175106256889, "policy_p95_ms": 1.288199999180506, "wall": 47.19709680000051}
{"variant": "m2.2", "seed": 17, "replicate": 1, "score": 548.8523619677546, "time": 528.3000000000516, "alive": 0, "eaten": 18, "starved": 46, "young_deaths": 23, "births": 59.0, "policy_mean_ms": 0.7443494416085488, "policy_p95_ms": 1.6089000000647502, "wall": 35.6213231999991}
{"variant": "m1.0_default", "seed": 18, "replicate": 1, "score": 495.3350449793966, "time": 491.8000000000433, "alive": 0, "eaten": 21, "starved": 30, "young_deaths": 17, "births": 46.0, "policy_mean_ms": 0.6160754575239609, "policy_p95_ms": 1.3484999999491265, "wall": 33.70566780000081}
{"variant": "m1.6", "seed": 16, "replicate": 1, "score": 1100.241114005233, "time": 1117.0000000000796, "alive": 0, "eaten": 65, "starved": 62, "young_deaths": 46, "births": 122.0, "policy_mean_ms": 0.7683364816434362, "policy_p95_ms": 1.611199999388191, "wall": 80.02742330000001}
{"variant": "m1.6", "seed": 18, "replicate": 1, "score": 657.0520054717982, "time": 639.5000000000769, "alive": 0, "eaten": 24, "starved": 49, "young_deaths": 33, "births": 68.0, "policy_mean_ms": 0.7320616575452163, "policy_p95_ms": 1.4962000004743459, "wall": 44.838292800001}
{"variant": "m3.0", "seed": 17, "replicate": 1, "score": 822.6545860188442, "time": 791.9000000001115, "alive": 0, "eaten": 24, "starved": 57, "young_deaths": 21, "births": 76.0, "policy_mean_ms": 0.578861712337211, "policy_p95_ms": 1.1208999985683477, "wall": 50.04313269999875}
{"variant": "m2.2", "seed": 18, "replicate": 1, "score": 610.3168189314209, "time": 588.8000000000653, "alive": 0, "eaten": 15, "starved": 37, "young_deaths": 18, "births": 47.0, "policy_mean_ms": 0.6966133661768357, "policy_p95_ms": 1.3760999991063727, "wall": 38.741054899999654}
{"variant": "m1.0_default", "seed": 19, "replicate": 1, "score": 592.3752813784805, "time": 605.7000000000692, "alive": 0, "eaten": 49, "starved": 31, "young_deaths": 36, "births": 75.0, "policy_mean_ms": 0.8570494964510743, "policy_p95_ms": 1.570700000229408, "wall": 45.81229390000044}
{"variant": "m3.0", "seed": 18, "replicate": 1, "score": 917.5869674334995, "time": 879.1000000001313, "alive": 0, "eaten": 18, "starved": 60, "young_deaths": 25, "births": 73.0, "policy_mean_ms": 0.640764463672798, "policy_p95_ms": 1.3454999989335192, "wall": 60.757932399999845}
{"variant": "m3.0", "seed": 19, "replicate": 1, "score": 525.9773766114396, "time": 504.5000000000462, "alive": 0, "eaten": 14, "starved": 37, "young_deaths": 20, "births": 46.0, "policy_mean_ms": 0.9295001585751766, "policy_p95_ms": 1.6219999997701962, "wall": 36.9201551999995}
{"variant": "m2.2", "seed": 19, "replicate": 1, "score": 698.311751458893, "time": 681.1000000000863, "alive": 0, "eaten": 32, "starved": 43, "young_deaths": 33, "births": 70.0, "policy_mean_ms": 0.9773507855008073, "policy_p95_ms": 1.9947999990108656, "wall": 49.62395730000026}
{"variant": "m1.0_default", "seed": 20, "replicate": 1, "score": 623.5623456397648, "time": 652.0000000000797, "alive": 0, "eaten": 47, "starved": 29, "young_deaths": 29, "births": 71.0, "policy_mean_ms": 0.8424036349776091, "policy_p95_ms": 1.7678000003797933, "wall": 44.06606620000093}
{"variant": "m1.6", "seed": 20, "replicate": 1, "score": 651.5047033123413, "time": 649.000000000079, "alive": 0, "eaten": 35, "starved": 30, "young_deaths": 19, "births": 60.0, "policy_mean_ms": 0.8227511556169941, "policy_p95_ms": 1.5638000004400965, "wall": 46.53813169999921}
{"variant": "m2.2", "seed": 20, "replicate": 1, "score": 668.9786528571341, "time": 645.6000000000782, "alive": 0, "eaten": 22, "starved": 52, "young_deaths": 30, "births": 69.0, "policy_mean_ms": 0.8199540117573954, "policy_p95_ms": 1.5379999986180337, "wall": 41.293110999999044}
{"variant": "m3.0", "seed": 20, "replicate": 1, "score": 642.5864701057175, "time": 615.1000000000713, "alive": 0, "eaten": 13, "starved": 51, "young_deaths": 26, "births": 59.0, "policy_mean_ms": 0.6915241749200604, "policy_p95_ms": 1.455399999031215, "wall": 33.84722879999936}
{"variant": "m1.6", "seed": 19, "replicate": 1, "score": 1229.0985246331143, "time": 1177.8000000000243, "alive": 0, "eaten": 28, "starved": 86, "young_deaths": 36, "births": 109.0, "policy_mean_ms": 0.7053148157598635, "policy_p95_ms": 1.8829000000550877, "wall": 83.66916540000057}
raw runs written to runs_nosprint.json
Same seeds are not deterministic across processes; compare distributions, not paired wins.
SUMMARY {"variant": "m1.0_default", "runs": 20, "mean": 646.2252565085602, "median": 652.8907747388241, "minimum": 296.9548032128845, "maximum": 1033.6730992803548, "stdev": 194.5116744537547, "survived": 0, "mean_policy_ms": 0.6744847588833668, "eaten": 516, "starved": 787, "young_deaths": 425, "births": 1203.0}
SUMMARY {"variant": "m1.6", "runs": 20, "mean": 706.2115223336964, "median": 669.0982653029521, "minimum": 279.04042296028865, "maximum": 1229.0985246331143, "stdev": 231.39188502088166, "survived": 0, "mean_policy_ms": 0.6648045411105318, "eaten": 501, "starved": 847, "young_deaths": 437, "births": 1248.0}
SUMMARY {"variant": "m2.2", "runs": 20, "mean": 627.7285429632645, "median": 600.9912789859279, "minimum": 306.05475644464127, "maximum": 1438.143083290786, "stdev": 272.96648190481824, "survived": 0, "mean_policy_ms": 0.6867992009844913, "eaten": 412, "starved": 875, "young_deaths": 475, "births": 1187.0}
SUMMARY {"variant": "m3.0", "runs": 20, "mean": 679.1257171937868, "median": 657.0255610031273, "minimum": 439.6479667638684, "maximum": 1125.1536478316063, "stdev": 175.21227408766615, "survived": 0, "mean_policy_ms": 0.6832557042464089, "eaten": 378, "starved": 920, "young_deaths": 446, "births": 1198.0}
