{"variant": "scout_1", "seed": 12, "replicate": 0, "score": 532.915885084148, "time": 512.3000000000479, "alive": 0, "eaten": 20, "starved": 27, "young_deaths": 15, "births": 42.0, "policy_mean_ms": 0.8185109506177571, "policy_p95_ms": 1.5015000008133939, "wall": 34.86595900000066}
{"variant": "baseline", "seed": 11, "replicate": 0, "score": 446.8840536139683, "time": 448.40000000003346, "alive": 0, "eaten": 26, "starved": 24, "young_deaths": 15, "births": 45.0, "policy_mean_ms": 0.9152576940193531, "policy_p95_ms": 1.6727000001992565, "wall": 35.75401839999904}
{"variant": "baseline", "seed": 12, "replicate": 0, "score": 521.0580604227572, "time": 503.2000000000459, "alive": 0, "eaten": 18, "starved": 37, "young_deaths": 20, "births": 50.0, "policy_mean_ms": 0.9690451708917786, "policy_p95_ms": 1.751400001012371, "wall": 35.96602039999925}
{"variant": "scout_2", "seed": 11, "replicate": 0, "score": 483.47075410197425, "time": 479.7000000000406, "alive": 0, "eaten": 28, "starved": 29, "young_deaths": 25, "births": 52.0, "policy_mean_ms": 1.0284949134945478, "policy_p95_ms": 1.9946000011259457, "wall": 40.91208159999951}
{"variant": "scout_1_eager", "seed": 11, "replicate": 0, "score": 600.4451564738292, "time": 580.2000000000634, "alive": 0, "eaten": 18, "starved": 38, "young_deaths": 20, "births": 51.0, "policy_mean_ms": 0.9099431402998547, "policy_p95_ms": 1.7721999993227655, "wall": 43.71010749999914}
{"variant": "scout_1_long", "seed": 11, "replicate": 0, "score": 681.3859842534828, "time": 656.8000000000808, "alive": 0, "eaten": 27, "starved": 31, "young_deaths": 19, "births": 53.0, "policy_mean_ms": 0.8853742082876022, "policy_p95_ms": 1.905099999930826, "wall": 52.07611370000086}
{"variant": "scout_1", "seed": 11, "replicate": 0, "score": 787.5675369589424, "time": 758.1000000001038, "alive": 0, "eaten": 24, "starved": 41, "young_deaths": 14, "births": 60.0, "policy_mean_ms": 0.7779668777212875, "policy_p95_ms": 1.495700000305078, "wall": 60.10397209999974}
{"variant": "scout_1_long", "seed": 12, "replicate": 0, "score": 663.1050469150233, "time": 643.3000000000777, "alive": 0, "eaten": 16, "starved": 31, "young_deaths": 12, "births": 42.0, "policy_mean_ms": 0.5507349603759406, "policy_p95_ms": 1.566599999932805, "wall": 33.9670686999998}
{"variant": "scout_1", "seed": 13, "replicate": 0, "score": 446.697511948626, "time": 422.7000000000276, "alive": 0, "eaten": 7, "starved": 37, "young_deaths": 15, "births": 39.0, "policy_mean_ms": 0.8329647977161458, "policy_p95_ms": 1.610600000276463, "wall": 26.758363900000404}
{"variant": "scout_2", "seed": 12, "replicate": 0, "score": 557.3774702825531, "time": 576.5000000000625, "alive": 0, "eaten": 28, "starved": 37, "young_deaths": 20, "births": 60.0, "policy_mean_ms": 0.9549034518614143, "policy_p95_ms": 2.454000001307577, "wall": 38.62011210000128}
{"variant": "scout_1_eager", "seed": 12, "replicate": 0, "score": 840.7334486543814, "time": 813.9000000001165, "alive": 0, "eaten": 24, "starved": 43, "young_deaths": 18, "births": 62.0, "policy_mean_ms": 0.628486804280754, "policy_p95_ms": 1.471300000048359, "wall": 45.835115799998675}
{"variant": "scout_1_long", "seed": 13, "replicate": 0, "score": 720.0413318584503, "time": 717.6000000000946, "alive": 0, "eaten": 33, "starved": 41, "young_deaths": 34, "births": 69.0, "policy_mean_ms": 0.5509404124805893, "policy_p95_ms": 1.3181999984226422, "wall": 37.39738279999983}
{"variant": "scout_1_eager", "seed": 13, "replicate": 0, "score": 843.6482868792037, "time": 853.0000000001254, "alive": 0, "eaten": 42, "starved": 46, "young_deaths": 26, "births": 83.0, "policy_mean_ms": 0.7462666940088114, "policy_p95_ms": 1.582099999723141, "wall": 62.73764680000022}
{"variant": "baseline", "seed": 13, "replicate": 0, "score": 1103.3534813198264, "time": 1074.9000000001179, "alive": 0, "eaten": 21, "starved": 82, "young_deaths": 36, "births": 98.0, "policy_mean_ms": 0.5858937668556642, "policy_p95_ms": 1.3899000005039852, "wall": 75.11223930000051}
{"variant": "baseline", "seed": 14, "replicate": 0, "score": 673.570040241467, "time": 679.700000000086, "alive": 0, "eaten": 37, "starved": 47, "young_deaths": 30, "births": 79.0, "policy_mean_ms": 0.9536395174334401, "policy_p95_ms": 1.9158999984938418, "wall": 48.313496300001134}
{"variant": "scout_1", "seed": 14, "replicate": 0, "score": 757.6172561517312, "time": 742.1000000001002, "alive": 0, "eaten": 33, "starved": 45, "young_deaths": 31, "births": 73.0, "policy_mean_ms": 0.9085839913785967, "policy_p95_ms": 1.9613000004028436, "wall": 47.08559849999983}
{"variant": "scout_1_eager", "seed": 14, "replicate": 0, "score": 653.6165188389356, "time": 628.7000000000744, "alive": 0, "eaten": 14, "starved": 51, "young_deaths": 17, "births": 60.0, "policy_mean_ms": 1.0481978686197508, "policy_p95_ms": 2.1065999990241835, "wall": 42.120218200001545}
{"variant": "scout_2", "seed": 13, "replicate": 0, "score": 1002.0633118520506, "time": 1008.7000000001608, "alive": 0, "eaten": 31, "starved": 70, "young_deaths": 34, "births": 96.0, "policy_mean_ms": 0.5678139982159014, "policy_p95_ms": 1.412499999787542, "wall": 61.4048655000006}
{"variant": "scout_1_long", "seed": 14, "replicate": 0, "score": 792.7637974750116, "time": 773.3000000001073, "alive": 0, "eaten": 26, "starved": 51, "young_deaths": 27, "births": 72.0, "policy_mean_ms": 0.7874054700619952, "policy_p95_ms": 1.547500000015134, "wall": 48.77491900000132}
{"variant": "scout_2", "seed": 14, "replicate": 0, "score": 716.8406465089322, "time": 711.5000000000932, "alive": 0, "eaten": 24, "starved": 35, "young_deaths": 21, "births": 54.0, "policy_mean_ms": 0.8236167111769115, "policy_p95_ms": 1.9587000006140443, "wall": 43.30829240000094}
{"variant": "baseline", "seed": 15, "replicate": 0, "score": 635.07460117569, "time": 615.7000000000714, "alive": 0, "eaten": 15, "starved": 39, "young_deaths": 13, "births": 49.0, "policy_mean_ms": 0.7832247360764361, "policy_p95_ms": 1.4831999997113599, "wall": 44.87678770000093}
{"variant": "scout_1_eager", "seed": 15, "replicate": 0, "score": 625.5420896978219, "time": 597.6000000000673, "alive": 0, "eaten": 16, "starved": 41, "young_deaths": 16, "births": 52.0, "policy_mean_ms": 0.8390798527448795, "policy_p95_ms": 1.4881999995850492, "wall": 42.72052799999983}
{"variant": "scout_1", "seed": 15, "replicate": 0, "score": 895.7501073695169, "time": 879.1000000001313, "alive": 0, "eaten": 31, "starved": 59, "young_deaths": 28, "births": 85.0, "policy_mean_ms": 0.8572547832907227, "policy_p95_ms": 1.7209999987244373, "wall": 61.44916910000029}
{"variant": "scout_2", "seed": 15, "replicate": 0, "score": 745.1986181835199, "time": 754.300000000103, "alive": 0, "eaten": 38, "starved": 35, "young_deaths": 23, "births": 68.0, "policy_mean_ms": 0.7007601352208247, "policy_p95_ms": 1.6233999995165505, "wall": 53.380243900001005}
{"variant": "scout_1_long", "seed": 15, "replicate": 0, "score": 836.8602556678305, "time": 818.1000000001175, "alive": 0, "eaten": 27, "starved": 51, "young_deaths": 24, "births": 73.0, "policy_mean_ms": 0.9380825815851132, "policy_p95_ms": 2.0387999993545236, "wall": 62.34558979999929}
{"variant": "scout_1", "seed": 16, "replicate": 0, "score": 528.5447554165748, "time": 503.9000000000461, "alive": 0, "eaten": 20, "starved": 41, "young_deaths": 22, "births": 56.0, "policy_mean_ms": 1.2706518158334477, "policy_p95_ms": 2.639899999849149, "wall": 44.62018589999934}
{"variant": "scout_1_long", "seed": 16, "replicate": 0, "score": 652.4875613618082, "time": 632.5000000000753, "alive": 0, "eaten": 22, "starved": 43, "young_deaths": 22, "births": 60.0, "policy_mean_ms": 1.0681176126571998, "policy_p95_ms": 2.441700000417768, "wall": 48.05391220000092}
{"variant": "baseline", "seed": 16, "replicate": 0, "score": 926.6879944469796, "time": 919.8000000001406, "alive": 0, "eaten": 44, "starved": 47, "young_deaths": 32, "births": 86.0, "policy_mean_ms": 0.7519449445487144, "policy_p95_ms": 1.6578000013396377, "wall": 69.24682279999979}
{"variant": "scout_2", "seed": 16, "replicate": 0, "score": 627.9366489643575, "time": 621.1000000000727, "alive": 0, "eaten": 37, "starved": 35, "young_deaths": 32, "births": 67.0, "policy_mean_ms": 0.8176865883276282, "policy_p95_ms": 1.6637000007904135, "wall": 47.01548670000011}
{"variant": "scout_1_eager", "seed": 17, "replicate": 0, "score": 390.9790212825709, "time": 365.1000000000145, "alive": 0, "eaten": 4, "starved": 29, "young_deaths": 11, "births": 28.0, "policy_mean_ms": 0.868666337975421, "policy_p95_ms": 1.6482000010000775, "wall": 27.047793400000955}
{"variant": "baseline", "seed": 17, "replicate": 0, "score": 812.6923986331556, "time": 775.6000000001078, "alive": 0, "eaten": 19, "starved": 52, "young_deaths": 20, "births": 66.0, "policy_mean_ms": 0.798855492521557, "policy_p95_ms": 1.49280000005092, "wall": 58.18670459999885}
{"variant": "scout_1_eager", "seed": 16, "replicate": 0, "score": 1122.7867195371227, "time": 1123.5000000000737, "alive": 0, "eaten": 41, "starved": 65, "young_deaths": 35, "births": 101.0, "policy_mean_ms": 0.8746204984443031, "policy_p95_ms": 1.9229000008635921, "wall": 92.54142789999969}
{"variant": "scout_1_long", "seed": 17, "replicate": 0, "score": 582.5541868739784, "time": 561.7000000000592, "alive": 0, "eaten": 25, "starved": 38, "young_deaths": 19, "births": 58.0, "policy_mean_ms": 0.8825727078667935, "policy_p95_ms": 1.9475999997666804, "wall": 49.23900049999975}
{"variant": "scout_1", "seed": 18, "replicate": 0, "score": 435.43464252729206, "time": 410.60000000002486, "alive": 0, "eaten": 14, "starved": 28, "young_deaths": 17, "births": 37.0, "policy_mean_ms": 0.9783306137482453, "policy_p95_ms": 1.9308999999338994, "wall": 37.86168110000108}
{"variant": "scout_2", "seed": 17, "replicate": 0, "score": 713.3150488509165, "time": 675.400000000085, "alive": 0, "eaten": 15, "starved": 47, "young_deaths": 21, "births": 57.0, "policy_mean_ms": 0.9861170861624908, "policy_p95_ms": 2.182899999752408, "wall": 54.7780445999997}
{"variant": "scout_1", "seed": 17, "replicate": 0, "score": 1300.1916461820708, "time": 1239.3999999999683, "alive": 0, "eaten": 16, "starved": 76, "young_deaths": 24, "births": 87.0, "policy_mean_ms": 0.7059539535245066, "policy_p95_ms": 1.3732999996136641, "wall": 103.6091338999995}
{"variant": "baseline", "seed": 18, "replicate": 0, "score": 667.8028651812376, "time": 634.0000000000756, "alive": 0, "eaten": 26, "starved": 35, "young_deaths": 16, "births": 56.0, "policy_mean_ms": 1.1522521451242993, "policy_p95_ms": 2.39280000096187, "wall": 64.35422969999854}
{"variant": "scout_1_long", "seed": 18, "replicate": 0, "score": 527.5330456863506, "time": 498.3000000000448, "alive": 0, "eaten": 11, "starved": 33, "young_deaths": 10, "births": 39.0, "policy_mean_ms": 0.9939779249412521, "policy_p95_ms": 2.0648999998229556, "wall": 50.40308840000034}
{"variant": "scout_1_eager", "seed": 18, "replicate": 0, "score": 699.0124592791168, "time": 667.9000000000833, "alive": 0, "eaten": 21, "starved": 36, "young_deaths": 17, "births": 52.0, "policy_mean_ms": 1.0518801018029322, "policy_p95_ms": 2.3912000015116064, "wall": 66.1558090999988}
{"variant": "scout_2", "seed": 18, "replicate": 0, "score": 590.7869969636976, "time": 580.8000000000635, "alive": 0, "eaten": 30, "starved": 29, "young_deaths": 19, "births": 54.0, "policy_mean_ms": 0.8510505337504037, "policy_p95_ms": 2.0423999994818587, "wall": 61.09304399999928}
{"variant": "baseline", "seed": 19, "replicate": 0, "score": 508.95502396830744, "time": 506.1000000000466, "alive": 0, "eaten": 33, "starved": 26, "young_deaths": 20, "births": 54.0, "policy_mean_ms": 1.4400694724345935, "policy_p95_ms": 3.251500000260421, "wall": 64.77008420000129}
{"variant": "scout_1", "seed": 19, "replicate": 0, "score": 775.9107892051316, "time": 784.2000000001098, "alive": 0, "eaten": 53, "starved": 38, "young_deaths": 37, "births": 86.0, "policy_mean_ms": 1.669360711557715, "policy_p95_ms": 3.6092999998800224, "wall": 127.74055690000023}
{"variant": "scout_2", "seed": 19, "replicate": 0, "score": 639.4882877491102, "time": 641.8000000000774, "alive": 0, "eaten": 36, "starved": 42, "young_deaths": 32, "births": 73.0, "policy_mean_ms": 2.4839115144874566, "policy_p95_ms": 5.805199998576427, "wall": 103.24513630000001}
{"variant": "baseline", "seed": 20, "replicate": 0, "score": 582.282002067532, "time": 574.100000000062, "alive": 0, "eaten": 32, "starved": 38, "young_deaths": 28, "births": 65.0, "policy_mean_ms": 2.107586065153923, "policy_p95_ms": 4.522699999142787, "wall": 99.12210740000046}
{"variant": "scout_1", "seed": 20, "replicate": 0, "score": 674.5300956982917, "time": 651.6000000000796, "alive": 0, "eaten": 22, "starved": 44, "young_deaths": 23, "births": 61.0, "policy_mean_ms": 1.9143552025826356, "policy_p95_ms": 4.324499999711406, "wall": 93.76102360000004}
{"variant": "scout_1_eager", "seed": 20, "replicate": 0, "score": 637.4099082774877, "time": 646.4000000000784, "alive": 0, "eaten": 40, "starved": 33, "young_deaths": 31, "births": 68.0, "policy_mean_ms": 1.95631819306866, "policy_p95_ms": 4.28240000110236, "wall": 94.56563749999987}
{"variant": "scout_1_long", "seed": 19, "replicate": 0, "score": 820.0896474569925, "time": 799.1000000001131, "alive": 0, "eaten": 35, "starved": 61, "young_deaths": 33, "births": 91.0, "policy_mean_ms": 2.0006091227746916, "policy_p95_ms": 3.7771000006614486, "wall": 137.26259969999956}
{"variant": "scout_1_eager", "seed": 19, "replicate": 0, "score": 1317.6679833820858, "time": 1307.3999999999064, "alive": 0, "eaten": 48, "starved": 76, "young_deaths": 53, "births": 119.0, "policy_mean_ms": 1.26606668961713, "policy_p95_ms": 2.8008999997837236, "wall": 162.42375999999967}
{"variant": "baseline", "seed": 11, "replicate": 1, "score": 433.6301591386724, "time": 416.8000000000263, "alive": 0, "eaten": 24, "starved": 22, "young_deaths": 17, "births": 41.0, "policy_mean_ms": 1.5901562380045169, "policy_p95_ms": 3.3622999999352032, "wall": 63.33824619999905}
{"variant": "scout_1_long", "seed": 20, "replicate": 0, "score": 540.2519147360655, "time": 509.6000000000474, "alive": 0, "eaten": 15, "starved": 32, "young_deaths": 13, "births": 42.0, "policy_mean_ms": 2.4039036303050954, "policy_p95_ms": 5.059500001152628, "wall": 82.68538350000017}
{"variant": "scout_1", "seed": 11, "replicate": 1, "score": 561.800883590696, "time": 580.4000000000634, "alive": 0, "eaten": 37, "starved": 38, "young_deaths": 25, "births": 70.0, "policy_mean_ms": 1.953178463117892, "policy_p95_ms": 3.676399999676505, "wall": 94.83705179999924}
{"variant": "scout_1_eager", "seed": 11, "replicate": 1, "score": 701.5048545361517, "time": 679.1000000000859, "alive": 0, "eaten": 32, "starved": 37, "young_deaths": 29, "births": 64.0, "policy_mean_ms": 1.5656707848525444, "policy_p95_ms": 3.413200000068173, "wall": 87.0554873000001}
{"variant": "scout_1_long", "seed": 11, "replicate": 1, "score": 591.0300974752861, "time": 593.8000000000665, "alive": 0, "eaten": 33, "starved": 31, "young_deaths": 16, "births": 59.0, "policy_mean_ms": 1.7662428090439202, "policy_p95_ms": 3.2156999986909796, "wall": 88.28581200000008}
{"variant": "scout_2", "seed": 20, "replicate": 0, "score": 1031.4685908126828, "time": 977.4000000001537, "alive": 0, "eaten": 18, "starved": 73, "young_deaths": 30, "births": 86.0, "policy_mean_ms": 1.6133847861709585, "policy_p95_ms": 4.766599999129539, "wall": 112.36997130000054}
{"variant": "baseline", "seed": 12, "replicate": 1, "score": 699.4501276598628, "time": 710.8000000000931, "alive": 0, "eaten": 38, "starved": 41, "young_deaths": 28, "births": 74.0, "policy_mean_ms": 0.9676352419779166, "policy_p95_ms": 2.163799999834737, "wall": 63.7306836000007}
{"variant": "scout_1", "seed": 12, "replicate": 1, "score": 695.0650054206834, "time": 710.500000000093, "alive": 0, "eaten": 37, "starved": 39, "young_deaths": 30, "births": 71.0, "policy_mean_ms": 0.9834581702952491, "policy_p95_ms": 1.9692000005306909, "wall": 56.589172700001654}
{"variant": "scout_1_eager", "seed": 12, "replicate": 1, "score": 502.4289182698801, "time": 481.2000000000409, "alive": 0, "eaten": 10, "starved": 33, "young_deaths": 9, "births": 38.0, "policy_mean_ms": 1.128021591858599, "policy_p95_ms": 4.642600000806851, "wall": 32.830419699999766}
{"variant": "scout_2", "seed": 12, "replicate": 1, "score": 545.4242594158752, "time": 529.8000000000519, "alive": 0, "eaten": 14, "starved": 39, "young_deaths": 16, "births": 48.0, "policy_mean_ms": 0.9207104001499483, "policy_p95_ms": 1.9185000001016306, "wall": 37.12359290000131}
{"variant": "scout_1_long", "seed": 12, "replicate": 1, "score": 653.7605774568963, "time": 646.5000000000784, "alive": 0, "eaten": 23, "starved": 43, "young_deaths": 20, "births": 61.0, "policy_mean_ms": 0.9437937200333253, "policy_p95_ms": 1.8375999989075353, "wall": 44.86041500000101}
{"variant": "scout_2", "seed": 11, "replicate": 1, "score": 858.1527756052996, "time": 841.1000000001227, "alive": 0, "eaten": 28, "starved": 59, "young_deaths": 26, "births": 82.0, "policy_mean_ms": 1.4919807038427044, "policy_p95_ms": 3.584000000046217, "wall": 108.9708539000003}
{"variant": "baseline", "seed": 13, "replicate": 1, "score": 694.4699651789941, "time": 693.5000000000891, "alive": 0, "eaten": 30, "starved": 37, "young_deaths": 19, "births": 62.0, "policy_mean_ms": 0.8304771737507112, "policy_p95_ms": 1.5693999994255137, "wall": 53.7661868999985}
{"variant": "scout_1_eager", "seed": 13, "replicate": 1, "score": 729.8104041744525, "time": 731.7000000000978, "alive": 0, "eaten": 31, "starved": 36, "young_deaths": 20, "births": 62.0, "policy_mean_ms": 0.6907076123985816, "policy_p95_ms": 1.3763999995717313, "wall": 50.03193140000076}
{"variant": "scout_2", "seed": 13, "replicate": 1, "score": 510.2996006398538, "time": 479.50000000004053, "alive": 0, "eaten": 11, "starved": 32, "young_deaths": 12, "births": 38.0, "policy_mean_ms": 0.9649015015537703, "policy_p95_ms": 1.5495000006922055, "wall": 34.076509099999384}
{"variant": "scout_1", "seed": 13, "replicate": 1, "score": 804.5898692977346, "time": 785.50000000011, "alive": 0, "eaten": 22, "starved": 58, "young_deaths": 24, "births": 75.0, "policy_mean_ms": 0.8253330235509521, "policy_p95_ms": 1.7633000006753718, "wall": 54.228867300000275}
{"variant": "scout_1_long", "seed": 13, "replicate": 1, "score": 699.3700289240576, "time": 670.900000000084, "alive": 0, "eaten": 9, "starved": 49, "young_deaths": 15, "births": 53.0, "policy_mean_ms": 0.810780399448443, "policy_p95_ms": 1.4905000007274793, "wall": 46.236123800001224}
{"variant": "scout_1", "seed": 14, "replicate": 1, "score": 488.66794670057055, "time": 470.9000000000386, "alive": 0, "eaten": 18, "starved": 36, "young_deaths": 21, "births": 49.0, "policy_mean_ms": 1.0465681461191974, "policy_p95_ms": 1.9721000007848488, "wall": 39.818912900000214}
{"variant": "baseline", "seed": 14, "replicate": 1, "score": 623.5251029337172, "time": 615.7000000000714, "alive": 0, "eaten": 29, "starved": 37, "young_deaths": 25, "births": 61.0, "policy_mean_ms": 0.874035455589082, "policy_p95_ms": 1.884200000858982, "wall": 42.744412199999715}
{"variant": "scout_1_long", "seed": 14, "replicate": 1, "score": 395.9512238082811, "time": 374.3000000000166, "alive": 0, "eaten": 7, "starved": 32, "young_deaths": 14, "births": 34.0, "policy_mean_ms": 0.978614320060321, "policy_p95_ms": 1.9659999998111743, "wall": 26.59910300000047}
{"variant": "scout_1_eager", "seed": 14, "replicate": 1, "score": 680.639542224444, "time": 660.6000000000816, "alive": 0, "eaten": 30, "starved": 37, "young_deaths": 19, "births": 62.0, "policy_mean_ms": 0.9024316530500941, "policy_p95_ms": 1.8916000008175615, "wall": 48.17894649999835}
{"variant": "scout_1", "seed": 15, "replicate": 1, "score": 764.3137393841562, "time": 730.1000000000975, "alive": 0, "eaten": 14, "starved": 50, "young_deaths": 20, "births": 59.0, "policy_mean_ms": 0.6508096151178581, "policy_p95_ms": 1.2704000000667293, "wall": 45.71551670000008}
{"variant": "baseline", "seed": 15, "replicate": 1, "score": 674.8197681204323, "time": 646.0000000000783, "alive": 0, "eaten": 18, "starved": 38, "young_deaths": 13, "births": 51.0, "policy_mean_ms": 0.9306379566533841, "policy_p95_ms": 1.804400000764872, "wall": 48.870229399999516}
{"variant": "scout_2", "seed": 14, "replicate": 1, "score": 795.0260500841265, "time": 762.8000000001049, "alive": 0, "eaten": 32, "starved": 47, "young_deaths": 23, "births": 74.0, "policy_mean_ms": 1.0942445333005086, "policy_p95_ms": 2.111400001012953, "wall": 58.13711710000098}
{"variant": "scout_2", "seed": 15, "replicate": 1, "score": 516.5017573009445, "time": 500.70000000004535, "alive": 0, "eaten": 14, "starved": 40, "young_deaths": 18, "births": 49.0, "policy_mean_ms": 0.7953858198484449, "policy_p95_ms": 1.6066999996837694, "wall": 33.55039249999936}
{"variant": "scout_1_long", "seed": 15, "replicate": 1, "score": 714.9249492666162, "time": 691.6000000000887, "alive": 0, "eaten": 24, "starved": 41, "young_deaths": 17, "births": 60.0, "policy_mean_ms": 1.0479286292806091, "policy_p95_ms": 1.907500000015716, "wall": 50.71197409999877}
{"variant": "scout_1_eager", "seed": 15, "replicate": 1, "score": 907.1864129427089, "time": 870.0000000001293, "alive": 0, "eaten": 33, "starved": 41, "young_deaths": 15, "births": 69.0, "policy_mean_ms": 0.6676349425373931, "policy_p95_ms": 1.2631000008695992, "wall": 60.01567370000157}
{"variant": "scout_2", "seed": 16, "replicate": 1, "score": 319.0289052475473, "time": 311.60000000000235, "alive": 0, "eaten": 15, "starved": 23, "young_deaths": 13, "births": 33.0, "policy_mean_ms": 1.1001507060247886, "policy_p95_ms": 2.145399999790243, "wall": 25.039720900000248}
{"variant": "scout_1_eager", "seed": 16, "replicate": 1, "score": 501.4356157170673, "time": 467.0000000000377, "alive": 0, "eaten": 15, "starved": 34, "young_deaths": 8, "births": 44.0, "policy_mean_ms": 1.1024395931618904, "policy_p95_ms": 2.1331999996618833, "wall": 38.3293663000004}
{"variant": "baseline", "seed": 16, "replicate": 1, "score": 862.0780866717162, "time": 830.3000000001202, "alive": 0, "eaten": 33, "starved": 59, "young_deaths": 28, "births": 87.0, "policy_mean_ms": 1.0424799108647274, "policy_p95_ms": 2.1491999996214872, "wall": 68.23218510000152}
{"variant": "baseline", "seed": 17, "replicate": 1, "score": 624.5724994412365, "time": 624.9000000000735, "alive": 0, "eaten": 25, "starved": 42, "young_deaths": 15, "births": 62.0, "policy_mean_ms": 0.6397060329454809, "policy_p95_ms": 1.237599999512895, "wall": 42.5591663999985}
{"variant": "scout_1", "seed": 17, "replicate": 1, "score": 457.1499228764912, "time": 421.50000000002734, "alive": 0, "eaten": 5, "starved": 39, "young_deaths": 9, "births": 39.0, "policy_mean_ms": 1.1651577461523464, "policy_p95_ms": 2.369600000747596, "wall": 34.9763626999993}
{"variant": "scout_1", "seed": 16, "replicate": 1, "score": 849.1079857456466, "time": 851.6000000001251, "alive": 0, "eaten": 44, "starved": 53, "young_deaths": 35, "births": 92.0, "policy_mean_ms": 1.011908865665936, "policy_p95_ms": 1.9174999997630948, "wall": 63.99725010000111}
{"variant": "scout_1_long", "seed": 16, "replicate": 1, "score": 825.1652730535023, "time": 823.8000000001188, "alive": 0, "eaten": 42, "starved": 44, "young_deaths": 24, "births": 81.0, "policy_mean_ms": 0.9715808812686005, "policy_p95_ms": 2.021099999183207, "wall": 65.60248960000172}
{"variant": "scout_1_long", "seed": 17, "replicate": 1, "score": 722.6006124201609, "time": 698.9000000000904, "alive": 0, "eaten": 26, "starved": 33, "young_deaths": 21, "births": 54.0, "policy_mean_ms": 0.6461590070154362, "policy_p95_ms": 1.511999998911051, "wall": 41.78699520000009}
{"variant": "scout_1_eager", "seed": 17, "replicate": 1, "score": 712.9699756844813, "time": 671.6000000000842, "alive": 0, "eaten": 14, "starved": 48, "young_deaths": 18, "births": 57.0, "policy_mean_ms": 0.8836878201456341, "policy_p95_ms": 1.7471999999543186, "wall": 48.41854940000121}
{"variant": "baseline", "seed": 18, "replicate": 1, "score": 544.7016695879261, "time": 518.5000000000493, "alive": 0, "eaten": 16, "starved": 34, "young_deaths": 16, "births": 45.0, "policy_mean_ms": 0.7079815621966283, "policy_p95_ms": 1.3825000005454058, "wall": 38.314114699998754}
{"variant": "scout_2", "seed": 17, "replicate": 1, "score": 698.7791933325391, "time": 669.9000000000838, "alive": 0, "eaten": 9, "starved": 44, "young_deaths": 14, "births": 48.0, "policy_mean_ms": 0.7113766382961839, "policy_p95_ms": 1.4066000003367662, "wall": 43.92844470000091}
{"variant": "scout_1_long", "seed": 18, "replicate": 1, "score": 671.4902848779536, "time": 637.6000000000764, "alive": 0, "eaten": 20, "starved": 34, "young_deaths": 10, "births": 49.0, "policy_mean_ms": 0.7904858375202221, "policy_p95_ms": 1.4943999995011836, "wall": 44.28048349999881}
{"variant": "scout_1_eager", "seed": 18, "replicate": 1, "score": 798.8252181663543, "time": 759.100000000104, "alive": 0, "eaten": 16, "starved": 44, "young_deaths": 18, "births": 55.0, "policy_mean_ms": 0.6409710446381228, "policy_p95_ms": 1.3304000003699912, "wall": 58.73547959999996}
{"variant": "scout_1", "seed": 18, "replicate": 1, "score": 912.9499243978507, "time": 863.2000000001277, "alive": 0, "eaten": 17, "starved": 63, "young_deaths": 23, "births": 75.0, "policy_mean_ms": 0.8329744207548746, "policy_p95_ms": 1.6063000002759509, "wall": 74.44947469999897}
{"variant": "scout_2", "seed": 18, "replicate": 1, "score": 815.422187944302, "time": 797.0000000001127, "alive": 0, "eaten": 28, "starved": 36, "young_deaths": 17, "births": 59.0, "policy_mean_ms": 0.8749051944686924, "policy_p95_ms": 2.1636000001308275, "wall": 60.849185699999}
{"variant": "baseline", "seed": 19, "replicate": 1, "score": 929.0970517436931, "time": 896.1000000001352, "alive": 0, "eaten": 43, "starved": 50, "young_deaths": 27, "births": 88.0, "policy_mean_ms": 0.9498327418766158, "policy_p95_ms": 2.0541000012599397, "wall": 72.6151049}
{"variant": "scout_1", "seed": 20, "replicate": 1, "score": 363.05138329539454, "time": 355.7000000000124, "alive": 0, "eaten": 17, "starved": 20, "young_deaths": 15, "births": 32.0, "policy_mean_ms": 0.9936969356054592, "policy_p95_ms": 2.125100001649116, "wall": 24.236733799998547}
{"variant": "baseline", "seed": 20, "replicate": 1, "score": 579.2584365705845, "time": 558.9000000000585, "alive": 0, "eaten": 25, "starved": 33, "young_deaths": 21, "births": 53.0, "policy_mean_ms": 0.8649438182235384, "policy_p95_ms": 1.6040000009525102, "wall": 38.88373860000138}
{"variant": "scout_1_eager", "seed": 19, "replicate": 1, "score": 1047.3356681218188, "time": 1046.6000000001436, "alive": 0, "eaten": 50, "starved": 56, "young_deaths": 34, "births": 101.0, "policy_mean_ms": 0.9487836231534226, "policy_p95_ms": 2.3363999989669537, "wall": 76.46333049999885}
{"variant": "scout_2", "seed": 19, "replicate": 1, "score": 715.3855689057855, "time": 692.1000000000888, "alive": 0, "eaten": 32, "starved": 41, "young_deaths": 27, "births": 68.0, "policy_mean_ms": 1.0106988440910851, "policy_p95_ms": 2.17270000030112, "wall": 53.829529900000125}
{"variant": "scout_1", "seed": 19, "replicate": 1, "score": 1046.7184475202175, "time": 1019.2000000001632, "alive": 0, "eaten": 38, "starved": 73, "young_deaths": 45, "births": 106.0, "policy_mean_ms": 1.0057204277968002, "policy_p95_ms": 2.1849000004294794, "wall": 90.31879909999952}
{"variant": "scout_1_long", "seed": 19, "replicate": 1, "score": 968.2822658081955, "time": 1014.4000000001621, "alive": 0, "eaten": 64, "starved": 55, "young_deaths": 56, "births": 114.0, "policy_mean_ms": 0.8933793966791518, "policy_p95_ms": 1.9183999993401812, "wall": 75.32957610000085}
{"variant": "scout_1_eager", "seed": 20, "replicate": 1, "score": 700.3569011782057, "time": 702.3000000000911, "alive": 0, "eaten": 33, "starved": 33, "young_deaths": 29, "births": 61.0, "policy_mean_ms": 0.7269165029374244, "policy_p95_ms": 1.618800000869669, "wall": 42.73447750000014}
{"variant": "scout_2", "seed": 20, "replicate": 1, "score": 503.2635098893729, "time": 504.5000000000462, "alive": 0, "eaten": 30, "starved": 30, "young_deaths": 24, "births": 55.0, "policy_mean_ms": 0.8439535778022486, "policy_p95_ms": 1.7038000005413778, "wall": 34.32046210000044}
{"variant": "baseline", "seed": 11, "replicate": 2, "score": 569.1449348899853, "time": 564.8000000000599, "alive": 0, "eaten": 29, "starved": 31, "young_deaths": 19, "births": 55.0, "policy_mean_ms": 0.866968661482517, "policy_p95_ms": 1.748500000758213, "wall": 41.10762790000081}
{"variant": "scout_1_long", "seed": 20, "replicate": 1, "score": 759.7447328898157, "time": 730.3000000000975, "alive": 0, "eaten": 21, "starved": 57, "young_deaths": 29, "births": 73.0, "policy_mean_ms": 1.1080575790823712, "policy_p95_ms": 2.2748999999748776, "wall": 52.15996360000099}
{"variant": "baseline", "seed": 12, "replicate": 2, "score": 312.9816530248292, "time": 296.69999999999897, "alive": 0, "eaten": 12, "starved": 19, "young_deaths": 12, "births": 26.0, "policy_mean_ms": 0.8782403100838321, "policy_p95_ms": 1.6584000004513655, "wall": 21.504185800000414}
{"variant": "scout_1", "seed": 11, "replicate": 2, "score": 775.1449801473, "time": 762.6000000001048, "alive": 0, "eaten": 31, "starved": 44, "young_deaths": 33, "births": 70.0, "policy_mean_ms": 0.8492609887194329, "policy_p95_ms": 1.6814999999041902, "wall": 52.28122979999898}
{"variant": "scout_1", "seed": 12, "replicate": 2, "score": 258.5254488546159, "time": 246.79999999999026, "alive": 0, "eaten": 6, "starved": 19, "young_deaths": 10, "births": 20.0, "policy_mean_ms": 0.7373593192760661, "policy_p95_ms": 1.552399999127374, "wall": 16.12500589999945}
{"variant": "scout_2", "seed": 11, "replicate": 2, "score": 431.3753511331436, "time": 444.2000000000325, "alive": 0, "eaten": 29, "starved": 25, "young_deaths": 22, "births": 49.0, "policy_mean_ms": 0.8345703511805606, "policy_p95_ms": 1.692699999694014, "wall": 31.840449000001172}
{"variant": "scout_1_eager", "seed": 11, "replicate": 2, "score": 737.7708163654186, "time": 703.8000000000915, "alive": 0, "eaten": 19, "starved": 54, "young_deaths": 20, "births": 68.0, "policy_mean_ms": 0.9809061949490631, "policy_p95_ms": 1.8087000007653842, "wall": 53.05315410000003}
{"variant": "scout_1_eager", "seed": 12, "replicate": 2, "score": 410.2074653754403, "time": 406.0000000000238, "alive": 0, "eaten": 13, "starved": 21, "young_deaths": 12, "births": 29.0, "policy_mean_ms": 0.6257500246338258, "policy_p95_ms": 1.4929999997548293, "wall": 22.249748800000816}
{"variant": "scout_2", "seed": 12, "replicate": 2, "score": 349.1565970786818, "time": 342.00000000000927, "alive": 0, "eaten": 7, "starved": 25, "young_deaths": 11, "births": 27.0, "policy_mean_ms": 0.7537888596616221, "policy_p95_ms": 2.087700000629411, "wall": 20.28888519999964}
{"variant": "scout_1_long", "seed": 11, "replicate": 2, "score": 882.2854722662395, "time": 854.2000000001257, "alive": 0, "eaten": 34, "starved": 45, "young_deaths": 26, "births": 74.0, "policy_mean_ms": 0.7285974127915074, "policy_p95_ms": 1.3763000006292714, "wall": 57.68253689999983}
{"variant": "scout_1", "seed": 13, "replicate": 2, "score": 501.18859754539403, "time": 497.10000000004453, "alive": 0, "eaten": 23, "starved": 39, "young_deaths": 26, "births": 57.0, "policy_mean_ms": 0.9226135385319547, "policy_p95_ms": 1.943899998877896, "wall": 37.47049049999987}
{"variant": "scout_1_long", "seed": 13, "replicate": 2, "score": 497.58922155199696, "time": 488.00000000004246, "alive": 0, "eaten": 19, "starved": 31, "young_deaths": 15, "births": 45.0, "policy_mean_ms": 0.8113226229688437, "policy_p95_ms": 1.4486999989458127, "wall": 35.19706629999928}
{"variant": "baseline", "seed": 14, "replicate": 2, "score": 364.83043264953585, "time": 342.5000000000094, "alive": 0, "eaten": 5, "starved": 30, "young_deaths": 7, "births": 30.0, "policy_mean_ms": 0.9596329927125803, "policy_p95_ms": 2.2403999992093304, "wall": 25.232933699999194}
{"variant": "scout_2", "seed": 13, "replicate": 2, "score": 478.82348468392837, "time": 458.8000000000358, "alive": 0, "eaten": 8, "starved": 32, "young_deaths": 10, "births": 35.0, "policy_mean_ms": 0.788921904965085, "policy_p95_ms": 1.505899999756366, "wall": 29.81958130000021}
{"variant": "scout_1_long", "seed": 12, "replicate": 2, "score": 899.4444269643159, "time": 888.9000000001336, "alive": 0, "eaten": 28, "starved": 54, "young_deaths": 30, "births": 77.0, "policy_mean_ms": 0.7819481156495217, "policy_p95_ms": 1.6716000009182608, "wall": 58.95530730000064}
{"variant": "baseline", "seed": 13, "replicate": 2, "score": 1074.439764044236, "time": 1062.4000000001292, "alive": 0, "eaten": 41, "starved": 55, "young_deaths": 28, "births": 91.0, "policy_mean_ms": 0.56613817769696, "policy_p95_ms": 1.1635999999271007, "wall": 67.15686810000079}
{"variant": "scout_1_eager", "seed": 13, "replicate": 2, "score": 955.259992239724, "time": 943.2000000001459, "alive": 0, "eaten": 30, "starved": 58, "young_deaths": 29, "births": 83.0, "policy_mean_ms": 0.742329177258084, "policy_p95_ms": 1.3776999985566363, "wall": 65.96909880000021}
{"variant": "scout_2", "seed": 14, "replicate": 2, "score": 557.3756292630064, "time": 569.600000000061, "alive": 0, "eaten": 32, "starved": 30, "young_deaths": 26, "births": 57.0, "policy_mean_ms": 0.8823842169925208, "policy_p95_ms": 1.864699999714503, "wall": 37.241809099999955}
{"variant": "baseline", "seed": 15, "replicate": 2, "score": 466.1542368230873, "time": 445.80000000003287, "alive": 0, "eaten": 13, "starved": 32, "young_deaths": 18, "births": 40.0, "policy_mean_ms": 0.9069861148547097, "policy_p95_ms": 1.5727999998489395, "wall": 30.1790946000001}
{"variant": "scout_1_eager", "seed": 14, "replicate": 2, "score": 633.3263167477439, "time": 632.2000000000752, "alive": 0, "eaten": 28, "starved": 35, "young_deaths": 20, "births": 58.0, "policy_mean_ms": 1.0060960771758896, "policy_p95_ms": 2.2452999983215705, "wall": 43.361670300000696}
{"variant": "scout_1", "seed": 15, "replicate": 2, "score": 494.6071855352397, "time": 463.1000000000368, "alive": 0, "eaten": 9, "starved": 30, "young_deaths": 12, "births": 34.0, "policy_mean_ms": 0.7425427985300856, "policy_p95_ms": 1.3388999996095663, "wall": 30.454818700000033}
{"variant": "scout_1", "seed": 14, "replicate": 2, "score": 850.2981484352905, "time": 823.2000000001186, "alive": 0, "eaten": 22, "starved": 59, "young_deaths": 19, "births": 76.0, "policy_mean_ms": 0.8758601068917455, "policy_p95_ms": 1.6073999995569466, "wall": 60.85477170000013}
{"variant": "scout_1_long", "seed": 15, "replicate": 2, "score": 375.98241506793966, "time": 362.20000000001386, "alive": 0, "eaten": 8, "starved": 33, "young_deaths": 17, "births": 36.0, "policy_mean_ms": 0.9205115405877623, "policy_p95_ms": 1.8078000011882978, "wall": 27.020551999999952}
{"variant": "scout_1_long", "seed": 14, "replicate": 2, "score": 933.2439105414431, "time": 891.1000000001341, "alive": 0, "eaten": 9, "starved": 68, "young_deaths": 19, "births": 72.0, "policy_mean_ms": 0.8383174952488724, "policy_p95_ms": 1.607500000318396, "wall": 67.20105579999836}
{"variant": "scout_1_eager", "seed": 15, "replicate": 2, "score": 696.6491975210475, "time": 674.3000000000848, "alive": 0, "eaten": 25, "starved": 37, "young_deaths": 18, "births": 57.0, "policy_mean_ms": 0.9045194868861328, "policy_p95_ms": 1.7090999990614364, "wall": 52.59987540000111}
{"variant": "scout_2", "seed": 15, "replicate": 2, "score": 636.5607622482584, "time": 637.3000000000764, "alive": 0, "eaten": 22, "starved": 43, "young_deaths": 26, "births": 60.0, "policy_mean_ms": 0.989325655107948, "policy_p95_ms": 2.0540000004984904, "wall": 47.03426750000108}
{"variant": "baseline", "seed": 16, "replicate": 2, "score": 767.613835861175, "time": 782.7000000001094, "alive": 0, "eaten": 38, "starved": 41, "young_deaths": 26, "births": 74.0, "policy_mean_ms": 0.9550890379375523, "policy_p95_ms": 2.0191000003251247, "wall": 63.55784230000063}
{"variant": "scout_1_eager", "seed": 16, "replicate": 2, "score": 806.7469655660977, "time": 772.8000000001072, "alive": 0, "eaten": 33, "starved": 55, "young_deaths": 35, "births": 83.0, "policy_mean_ms": 1.3187026914995672, "policy_p95_ms": 2.675400000953232, "wall": 68.40314440000111}
{"variant": "scout_1_eager", "seed": 17, "replicate": 2, "score": 290.41407275913224, "time": 273.39999999999367, "alive": 0, "eaten": 4, "starved": 21, "young_deaths": 7, "births": 20.0, "policy_mean_ms": 0.8349205193852374, "policy_p95_ms": 1.5619999994669342, "wall": 20.817767900000035}
{"variant": "scout_1", "seed": 16, "replicate": 2, "score": 1025.0010276524677, "time": 1021.8000000001638, "alive": 0, "eaten": 46, "starved": 58, "young_deaths": 38, "births": 99.0, "policy_mean_ms": 0.9074821295746333, "policy_p95_ms": 1.7719000006763963, "wall": 76.1172031999995}
{"variant": "scout_1", "seed": 17, "replicate": 2, "score": 601.9425928303768, "time": 580.1000000000633, "alive": 0, "eaten": 25, "starved": 33, "young_deaths": 16, "births": 53.0, "policy_mean_ms": 0.9805559386253783, "policy_p95_ms": 1.8771000013657613, "wall": 49.50533229999928}
{"variant": "scout_1_long", "seed": 16, "replicate": 2, "score": 998.5444356331014, "time": 976.3000000001534, "alive": 0, "eaten": 41, "starved": 58, "young_deaths": 39, "births": 94.0, "policy_mean_ms": 0.8885291099003402, "policy_p95_ms": 1.903800000945921, "wall": 78.30917369999952}
{"variant": "baseline", "seed": 17, "replicate": 2, "score": 757.2719861379587, "time": 736.5000000000989, "alive": 0, "eaten": 32, "starved": 42, "young_deaths": 20, "births": 69.0, "policy_mean_ms": 0.9566609097104853, "policy_p95_ms": 1.9449000010354212, "wall": 63.84110490000057}
{"variant": "scout_1_long", "seed": 17, "replicate": 2, "score": 465.5279789312581, "time": 450.3000000000339, "alive": 0, "eaten": 12, "starved": 28, "young_deaths": 9, "births": 35.0, "policy_mean_ms": 0.6755753941631932, "policy_p95_ms": 1.5929000001051463, "wall": 32.21388260000094}
{"variant": "scout_2", "seed": 16, "replicate": 2, "score": 1071.5642068062784, "time": 1074.5000000001182, "alive": 0, "eaten": 49, "starved": 77, "young_deaths": 52, "births": 121.0, "policy_mean_ms": 0.9836693159539664, "policy_p95_ms": 2.364800000577816, "wall": 91.55481409999993}
{"variant": "scout_2", "seed": 17, "replicate": 2, "score": 676.495450259447, "time": 648.0000000000788, "alive": 0, "eaten": 22, "starved": 41, "young_deaths": 20, "births": 58.0, "policy_mean_ms": 1.0690597067945486, "policy_p95_ms": 2.3408000015479047, "wall": 65.41908159999912}
{"variant": "scout_1_long", "seed": 18, "replicate": 2, "score": 569.4885585179912, "time": 533.5000000000528, "alive": 0, "eaten": 15, "starved": 36, "young_deaths": 14, "births": 46.0, "policy_mean_ms": 1.2793479662560485, "policy_p95_ms": 2.497699999366887, "wall": 58.36297839999861}
{"variant": "scout_1", "seed": 18, "replicate": 2, "score": 755.2151957028495, "time": 724.5000000000962, "alive": 0, "eaten": 23, "starved": 38, "young_deaths": 17, "births": 56.0, "policy_mean_ms": 1.1142729054391574, "policy_p95_ms": 2.414900000076159, "wall": 69.59293590000016}
{"variant": "baseline", "seed": 18, "replicate": 2, "score": 752.3120621993793, "time": 729.7000000000974, "alive": 0, "eaten": 27, "starved": 47, "young_deaths": 22, "births": 69.0, "policy_mean_ms": 1.1561237631783836, "policy_p95_ms": 2.2214999989955686, "wall": 80.40702699999929}
{"variant": "baseline", "seed": 19, "replicate": 2, "score": 545.7929962676667, "time": 542.6000000000548, "alive": 0, "eaten": 34, "starved": 21, "young_deaths": 19, "births": 50.0, "policy_mean_ms": 1.312175654270935, "policy_p95_ms": 2.5336999988212483, "wall": 57.699109499999395}
{"variant": "scout_2", "seed": 18, "replicate": 2, "score": 670.8637409876515, "time": 683.7000000000869, "alive": 0, "eaten": 40, "starved": 37, "young_deaths": 28, "births": 72.0, "policy_mean_ms": 1.1228848179194175, "policy_p95_ms": 2.233600000181468, "wall": 71.4280619000001}
{"variant": "scout_1_eager", "seed": 18, "replicate": 2, "score": 966.8459893270283, "time": 933.1000000001436, "alive": 0, "eaten": 24, "starved": 53, "young_deaths": 24, "births": 72.0, "policy_mean_ms": 0.9085012217326172, "policy_p95_ms": 2.011799999309005, "wall": 96.93699849999939}
{"variant": "baseline", "seed": 20, "replicate": 2, "score": 426.7381005958084, "time": 426.30000000002843, "alive": 0, "eaten": 22, "starved": 26, "young_deaths": 15, "births": 43.0, "policy_mean_ms": 1.2044318085833372, "policy_p95_ms": 2.5765999998839106, "wall": 38.95002860000022}
{"variant": "scout_2", "seed": 19, "replicate": 2, "score": 530.8943200955516, "time": 521.8000000000501, "alive": 0, "eaten": 31, "starved": 32, "young_deaths": 28, "births": 58.0, "policy_mean_ms": 1.640073495613981, "policy_p95_ms": 4.104399999050656, "wall": 54.082898900000146}
{"variant": "scout_1_long", "seed": 19, "replicate": 2, "score": 798.0149670068823, "time": 864.600000000128, "alive": 0, "eaten": 55, "starved": 51, "young_deaths": 44, "births": 101.0, "policy_mean_ms": 1.0860952694915467, "policy_p95_ms": 2.239999999801512, "wall": 74.03218079999897}
{"variant": "scout_1", "seed": 19, "replicate": 2, "score": 962.012470191758, "time": 937.9000000001447, "alive": 0, "eaten": 38, "starved": 58, "young_deaths": 36, "births": 91.0, "policy_mean_ms": 1.236994541000914, "policy_p95_ms": 2.6613000009092502, "wall": 87.69673839999996}
{"variant": "scout_1_eager", "seed": 19, "replicate": 2, "score": 879.3290977646408, "time": 835.0000000001213, "alive": 0, "eaten": 21, "starved": 65, "young_deaths": 23, "births": 81.0, "policy_mean_ms": 1.1044024191682194, "policy_p95_ms": 2.634400001625181, "wall": 79.31096570000045}
{"variant": "scout_2", "seed": 20, "replicate": 2, "score": 561.3021839678788, "time": 520.9000000000499, "alive": 0, "eaten": 14, "starved": 37, "young_deaths": 16, "births": 46.0, "policy_mean_ms": 0.9998579765882595, "policy_p95_ms": 2.1655000000464497, "wall": 36.16389369999888}
{"variant": "scout_1", "seed": 20, "replicate": 2, "score": 825.2154138696324, "time": 849.2000000001245, "alive": 0, "eaten": 58, "starved": 48, "young_deaths": 43, "births": 101.0, "policy_mean_ms": 1.3246395666530564, "policy_p95_ms": 3.091399999902933, "wall": 74.27881630000047}
{"variant": "scout_1_eager", "seed": 20, "replicate": 2, "score": 723.2260877614333, "time": 744.9000000001008, "alive": 0, "eaten": 36, "starved": 46, "young_deaths": 34, "births": 77.0, "policy_mean_ms": 1.2736991139717058, "policy_p95_ms": 3.2274999994115205, "wall": 63.93737069999952}
{"variant": "scout_1_long", "seed": 20, "replicate": 2, "score": 876.6370229160506, "time": 852.4000000001253, "alive": 0, "eaten": 28, "starved": 51, "young_deaths": 21, "births": 74.0, "policy_mean_ms": 0.8524979000629311, "policy_p95_ms": 2.0762000003742287, "wall": 61.03138399999989}
raw runs written to runs_scout.json
Same seeds are not deterministic across processes; compare distributions, not paired wins.
SUMMARY {"variant": "baseline", "runs": 30, "mean": 652.7081130203806, "median": 629.8235503084632, "minimum": 312.9816530248292, "maximum": 1103.3534813198264, "stdev": 194.3920573334385, "survived": 0, "mean_policy_ms": 0.9872700855884551, "eaten": 805, "starved": 1164, "young_deaths": 625, "births": 1819.0}
SUMMARY {"variant": "scout_1", "runs": 30, "mean": 704.2575465178898, "median": 756.4162259272904, "minimum": 258.5254488546159, "maximum": 1300.1916461820708, "stdev": 231.4501941580288, "survived": 0, "mean_policy_ms": 1.0298107115130017, "eaten": 770, "starved": 1331, "young_deaths": 723, "births": 1951.0}
SUMMARY {"variant": "scout_1_eager", "runs": 30, "mean": 737.137036824861, "median": 707.2374151103165, "minimum": 290.41407275913224, "maximum": 1317.6679833820858, "stdev": 217.16508912986376, "survived": 0, "mean_policy_ms": 0.9715539425418849, "eaten": 765, "starved": 1302, "young_deaths": 665, "births": 1917.0}
SUMMARY {"variant": "scout_1_long", "runs": 30, "mean": 703.871707588766, "median": 707.1474890953368, "minimum": 375.98241506793966, "maximum": 998.5444356331014, "stdev": 164.97245381481605, "survived": 0, "mean_policy_ms": 0.9960494679296413, "eaten": 755, "starved": 1286, "young_deaths": 669, "births": 1891.0}
SUMMARY {"variant": "scout_2", "runs": 30, "mean": 644.9880636386422, "median": 632.2487056063079, "minimum": 319.0289052475473, "maximum": 1071.5642068062784, "stdev": 183.98516475236707, "survived": 0, "mean_policy_ms": 1.0233527979674941, "eaten": 752, "starved": 1202, "young_deaths": 686, "births": 1804.0}
