{"variant": "baseline", "seed": 12, "replicate": 0, "score": 461.44087464241426, "time": 449.4000000000337, "alive": 0, "eaten": 18, "starved": 31, "young_deaths": 19, "births": 44.0, "policy_mean_ms": 0.9069358923029859, "policy_p95_ms": 1.81700000030105, "wall": 34.137763599999744}
{"variant": "site_only", "seed": 11, "replicate": 0, "score": 490.3579193086773, "time": 459.9000000000361, "alive": 0, "eaten": 14, "starved": 34, "young_deaths": 13, "births": 43.0, "policy_mean_ms": 1.0097149162742707, "policy_p95_ms": 1.711000000796048, "wall": 39.17192019999857}
{"variant": "site_only", "seed": 12, "replicate": 0, "score": 779.8288279386603, "time": 764.9000000001054, "alive": 0, "eaten": 28, "starved": 49, "young_deaths": 22, "births": 72.0, "policy_mean_ms": 0.81319626096131, "policy_p95_ms": 1.7732999986037612, "wall": 48.18486960000155}
{"variant": "baseline", "seed": 11, "replicate": 0, "score": 681.3145454846713, "time": 658.3000000000811, "alive": 0, "eaten": 22, "starved": 36, "young_deaths": 11, "births": 53.0, "policy_mean_ms": 0.8775546711115092, "policy_p95_ms": 1.649000001634704, "wall": 50.709745199998}
{"variant": "site_tight", "seed": 11, "replicate": 0, "score": 850.8475132607805, "time": 829.7000000001201, "alive": 0, "eaten": 35, "starved": 46, "young_deaths": 33, "births": 76.0, "policy_mean_ms": 0.7259335422472792, "policy_p95_ms": 1.5110999993339647, "wall": 55.404025799998635}
{"variant": "site_high", "seed": 12, "replicate": 0, "score": 448.21965323551666, "time": 427.60000000002873, "alive": 0, "eaten": 16, "starved": 36, "young_deaths": 22, "births": 47.0, "policy_mean_ms": 0.8514153648258536, "policy_p95_ms": 1.7019000006257556, "wall": 29.219875700000557}
{"variant": "site_low", "seed": 11, "replicate": 0, "score": 842.0757504109461, "time": 852.4000000001253, "alive": 0, "eaten": 41, "starved": 69, "young_deaths": 38, "births": 105.0, "policy_mean_ms": 1.0710681135503706, "policy_p95_ms": 2.165699999750359, "wall": 76.07740909999848}
{"variant": "site_low", "seed": 12, "replicate": 0, "score": 652.15732940373, "time": 676.7000000000853, "alive": 0, "eaten": 48, "starved": 36, "young_deaths": 26, "births": 79.0, "policy_mean_ms": 0.7585479533034356, "policy_p95_ms": 1.4029000012669712, "wall": 43.9470536000008}
{"variant": "site_high", "seed": 11, "replicate": 0, "score": 1003.6394199593094, "time": 998.0000000001584, "alive": 0, "eaten": 62, "starved": 57, "young_deaths": 53, "births": 114.0, "policy_mean_ms": 1.020176272548357, "policy_p95_ms": 2.1904999994148966, "wall": 85.08735319999687}
{"variant": "baseline", "seed": 13, "replicate": 0, "score": 752.5314480168385, "time": 722.9000000000958, "alive": 0, "eaten": 25, "starved": 36, "young_deaths": 21, "births": 56.0, "policy_mean_ms": 0.5769798588936965, "policy_p95_ms": 1.2844999982917216, "wall": 41.76590820000274}
{"variant": "site_tight", "seed": 12, "replicate": 0, "score": 643.6392495483087, "time": 642.4000000000775, "alive": 0, "eaten": 36, "starved": 54, "young_deaths": 36, "births": 85.0, "policy_mean_ms": 0.9381201120687475, "policy_p95_ms": 1.8022000003838912, "wall": 46.95306400000118}
{"variant": "site_low", "seed": 13, "replicate": 0, "score": 461.6135837911529, "time": 451.3000000000341, "alive": 0, "eaten": 16, "starved": 32, "young_deaths": 13, "births": 43.0, "policy_mean_ms": 0.7998007090577807, "policy_p95_ms": 1.570799999171868, "wall": 29.256627699996898}
{"variant": "site_only", "seed": 13, "replicate": 0, "score": 728.4996775779011, "time": 718.3000000000948, "alive": 0, "eaten": 36, "starved": 40, "young_deaths": 31, "births": 71.0, "policy_mean_ms": 0.7151503132690017, "policy_p95_ms": 1.6716999998607207, "wall": 49.37621680000302}
{"variant": "site_high", "seed": 13, "replicate": 0, "score": 687.5576530269359, "time": 651.2000000000795, "alive": 0, "eaten": 10, "starved": 51, "young_deaths": 20, "births": 56.0, "policy_mean_ms": 0.6420070178256947, "policy_p95_ms": 1.327300000411924, "wall": 37.50415160000193}
{"variant": "site_tight", "seed": 13, "replicate": 0, "score": 904.9578676012585, "time": 873.40000000013, "alive": 0, "eaten": 21, "starved": 58, "young_deaths": 23, "births": 74.0, "policy_mean_ms": 0.6663309938293663, "policy_p95_ms": 1.344799999060342, "wall": 52.23620899999878}
{"variant": "baseline", "seed": 14, "replicate": 0, "score": 888.9038031534916, "time": 891.7000000001342, "alive": 0, "eaten": 51, "starved": 40, "young_deaths": 40, "births": 86.0, "policy_mean_ms": 0.8680147359023634, "policy_p95_ms": 2.551199999288656, "wall": 56.08266310000181}
{"variant": "site_high", "seed": 14, "replicate": 0, "score": 769.69594044748, "time": 756.4000000001034, "alive": 0, "eaten": 31, "starved": 46, "young_deaths": 27, "births": 72.0, "policy_mean_ms": 0.6017430327771836, "policy_p95_ms": 1.4547999999194872, "wall": 43.82418930000131}
{"variant": "site_low", "seed": 14, "replicate": 0, "score": 709.3629664143481, "time": 694.7000000000894, "alive": 0, "eaten": 25, "starved": 55, "young_deaths": 29, "births": 75.0, "policy_mean_ms": 0.9087645746391396, "policy_p95_ms": 1.7585000023245811, "wall": 45.93144400000165}
{"variant": "site_only", "seed": 14, "replicate": 0, "score": 982.0977584904307, "time": 955.3000000001487, "alive": 0, "eaten": 32, "starved": 72, "young_deaths": 43, "births": 99.0, "policy_mean_ms": 0.8704379880544688, "policy_p95_ms": 1.9729000014194753, "wall": 58.04711469999893}
{"variant": "baseline", "seed": 15, "replicate": 0, "score": 748.1676821308447, "time": 718.9000000000949, "alive": 0, "eaten": 23, "starved": 48, "young_deaths": 27, "births": 66.0, "policy_mean_ms": 0.7428606343195099, "policy_p95_ms": 1.4982000029704068, "wall": 40.760917500003416}
{"variant": "site_tight", "seed": 14, "replicate": 0, "score": 820.6082686147618, "time": 860.7000000001271, "alive": 0, "eaten": 55, "starved": 52, "young_deaths": 42, "births": 102.0, "policy_mean_ms": 0.687211153712469, "policy_p95_ms": 1.4929999997548293, "wall": 52.7255808000009}
{"variant": "site_only", "seed": 15, "replicate": 0, "score": 678.6410456594316, "time": 645.1000000000781, "alive": 0, "eaten": 13, "starved": 50, "young_deaths": 19, "births": 58.0, "policy_mean_ms": 0.7811384746761559, "policy_p95_ms": 1.5543999979854561, "wall": 38.37408299999879}
{"variant": "baseline", "seed": 16, "replicate": 0, "score": 624.9715490061911, "time": 572.8000000000617, "alive": 0, "eaten": 12, "starved": 35, "young_deaths": 16, "births": 42.0, "policy_mean_ms": 0.6072224336400351, "policy_p95_ms": 1.266100000066217, "wall": 28.364822999999888}
{"variant": "site_only", "seed": 16, "replicate": 0, "score": 550.4351937879147, "time": 519.7000000000496, "alive": 0, "eaten": 16, "starved": 31, "young_deaths": 13, "births": 42.0, "policy_mean_ms": 0.7139814893205092, "policy_p95_ms": 1.4629999968747143, "wall": 31.55408549999993}
{"variant": "site_low", "seed": 15, "replicate": 0, "score": 841.0498534985516, "time": 801.9000000001138, "alive": 0, "eaten": 19, "starved": 51, "young_deaths": 11, "births": 65.0, "policy_mean_ms": 0.6332482229541114, "policy_p95_ms": 1.3646000006701797, "wall": 47.28676740000083}
{"variant": "site_high", "seed": 16, "replicate": 0, "score": 681.7913828184403, "time": 629.8000000000746, "alive": 0, "eaten": 15, "starved": 48, "young_deaths": 23, "births": 58.0, "policy_mean_ms": 0.6885945220883539, "policy_p95_ms": 1.3225000002421439, "wall": 32.00735349999741}
{"variant": "site_tight", "seed": 15, "replicate": 0, "score": 1014.2823720439663, "time": 982.2000000001548, "alive": 0, "eaten": 26, "starved": 64, "young_deaths": 17, "births": 85.0, "policy_mean_ms": 0.6359919975576029, "policy_p95_ms": 1.484200001868885, "wall": 61.11523319999833}
{"variant": "site_low", "seed": 16, "replicate": 0, "score": 783.950676317089, "time": 750.200000000102, "alive": 0, "eaten": 32, "starved": 46, "young_deaths": 22, "births": 73.0, "policy_mean_ms": 1.0285602106132048, "policy_p95_ms": 2.0293999987188727, "wall": 47.55046029999721}
{"variant": "site_high", "seed": 15, "replicate": 0, "score": 1326.1196184465728, "time": 1273.2999999999374, "alive": 0, "eaten": 17, "starved": 90, "young_deaths": 27, "births": 102.0, "policy_mean_ms": 0.4868370219110105, "policy_p95_ms": 1.070800000888994, "wall": 69.23535059999995}
{"variant": "site_tight", "seed": 16, "replicate": 0, "score": 543.0884489939924, "time": 507.2000000000468, "alive": 0, "eaten": 21, "starved": 36, "young_deaths": 20, "births": 52.0, "policy_mean_ms": 0.8752343848406525, "policy_p95_ms": 2.011199998378288, "wall": 35.72110319999774}
{"variant": "baseline", "seed": 17, "replicate": 0, "score": 598.2535351383499, "time": 593.1000000000663, "alive": 0, "eaten": 17, "starved": 49, "young_deaths": 20, "births": 61.0, "policy_mean_ms": 0.5251473444506126, "policy_p95_ms": 1.0673999968275893, "wall": 31.014071599998715}
{"variant": "site_only", "seed": 17, "replicate": 0, "score": 682.7975816306491, "time": 636.2000000000761, "alive": 0, "eaten": 15, "starved": 42, "young_deaths": 16, "births": 52.0, "policy_mean_ms": 0.5690194121134856, "policy_p95_ms": 1.1711000006471295, "wall": 33.79690019999907}
{"variant": "site_high", "seed": 17, "replicate": 0, "score": 708.2745287686371, "time": 664.0000000000824, "alive": 0, "eaten": 8, "starved": 44, "young_deaths": 10, "births": 47.0, "policy_mean_ms": 0.48250540661223545, "policy_p95_ms": 1.0451999987708405, "wall": 34.11582510000153}
{"variant": "site_low", "seed": 17, "replicate": 0, "score": 871.864209016456, "time": 832.0000000001206, "alive": 0, "eaten": 27, "starved": 47, "young_deaths": 17, "births": 69.0, "policy_mean_ms": 0.49805044472901294, "policy_p95_ms": 0.9692000021459535, "wall": 43.016301999999996}
{"variant": "site_tight", "seed": 17, "replicate": 0, "score": 855.1673864291735, "time": 810.5000000001157, "alive": 0, "eaten": 16, "starved": 61, "young_deaths": 27, "births": 72.0, "policy_mean_ms": 0.49285390501869414, "policy_p95_ms": 1.099700002669124, "wall": 42.71322270000019}
{"variant": "site_high", "seed": 18, "replicate": 0, "score": 699.488654203012, "time": 688.500000000088, "alive": 0, "eaten": 27, "starved": 43, "young_deaths": 29, "births": 65.0, "policy_mean_ms": 0.504959767593288, "policy_p95_ms": 1.1051000001316424, "wall": 34.76430959999925}
{"variant": "baseline", "seed": 18, "replicate": 0, "score": 1039.0766684424752, "time": 1019.7000000001633, "alive": 0, "eaten": 35, "starved": 44, "young_deaths": 22, "births": 74.0, "policy_mean_ms": 0.4238003726556271, "policy_p95_ms": 0.9561000006215181, "wall": 49.84851770000023}
{"variant": "site_low", "seed": 18, "replicate": 0, "score": 825.3382663301636, "time": 790.0000000001111, "alive": 0, "eaten": 22, "starved": 58, "young_deaths": 28, "births": 75.0, "policy_mean_ms": 0.7092956582419913, "policy_p95_ms": 1.6560000003664754, "wall": 46.377602199998364}
{"variant": "site_tight", "seed": 18, "replicate": 0, "score": 712.6785181952708, "time": 672.4000000000843, "alive": 0, "eaten": 15, "starved": 43, "young_deaths": 19, "births": 53.0, "policy_mean_ms": 0.6232673854986424, "policy_p95_ms": 1.2879999994765967, "wall": 34.53883120000319}
{"variant": "site_only", "seed": 18, "replicate": 0, "score": 969.9909745857998, "time": 952.7000000001481, "alive": 0, "eaten": 43, "starved": 59, "young_deaths": 34, "births": 97.0, "policy_mean_ms": 0.6709836674586765, "policy_p95_ms": 1.506399999925634, "wall": 60.89843180000025}
{"variant": "site_low", "seed": 19, "replicate": 0, "score": 575.8087339295961, "time": 563.1000000000595, "alive": 0, "eaten": 28, "starved": 30, "young_deaths": 19, "births": 53.0, "policy_mean_ms": 0.7698564731283857, "policy_p95_ms": 1.443900000595022, "wall": 37.479283399999986}
{"variant": "baseline", "seed": 19, "replicate": 0, "score": 752.5521136625649, "time": 751.0000000001022, "alive": 0, "eaten": 38, "starved": 44, "young_deaths": 26, "births": 77.0, "policy_mean_ms": 0.7707907989688477, "policy_p95_ms": 1.4807000006840099, "wall": 51.29724460000216}
{"variant": "site_only", "seed": 19, "replicate": 0, "score": 703.0123731160139, "time": 716.2000000000943, "alive": 0, "eaten": 50, "starved": 40, "young_deaths": 32, "births": 85.0, "policy_mean_ms": 1.0491034487383855, "policy_p95_ms": 2.069800000754185, "wall": 55.14875639999809}
{"variant": "site_high", "seed": 19, "replicate": 0, "score": 588.1692422117959, "time": 588.3000000000652, "alive": 0, "eaten": 39, "starved": 26, "young_deaths": 20, "births": 60.0, "policy_mean_ms": 0.9608570966960639, "policy_p95_ms": 1.8722999993769918, "wall": 44.882254700001795}
{"variant": "baseline", "seed": 20, "replicate": 0, "score": 754.6570972448392, "time": 731.9000000000979, "alive": 0, "eaten": 22, "starved": 54, "young_deaths": 31, "births": 71.0, "policy_mean_ms": 0.7146050143119957, "policy_p95_ms": 1.5568999988317955, "wall": 43.93874820000201}
{"variant": "site_tight", "seed": 19, "replicate": 0, "score": 961.2333967319588, "time": 923.1000000001413, "alive": 0, "eaten": 26, "starved": 54, "young_deaths": 22, "births": 75.0, "policy_mean_ms": 0.7130862637018281, "policy_p95_ms": 1.4890999991621356, "wall": 55.399458899999445}
{"variant": "site_high", "seed": 20, "replicate": 0, "score": 416.6225359670772, "time": 403.8000000000233, "alive": 0, "eaten": 22, "starved": 27, "young_deaths": 16, "births": 44.0, "policy_mean_ms": 0.7989394997226297, "policy_p95_ms": 1.5586999979859684, "wall": 25.218310200001724}
{"variant": "site_only", "seed": 20, "replicate": 0, "score": 768.7677175958556, "time": 759.2000000001041, "alive": 0, "eaten": 37, "starved": 48, "young_deaths": 30, "births": 80.0, "policy_mean_ms": 0.8058925447707065, "policy_p95_ms": 1.6019000031519681, "wall": 53.266917500001}
{"variant": "site_low", "seed": 20, "replicate": 0, "score": 592.9243198409247, "time": 580.8000000000635, "alive": 0, "eaten": 28, "starved": 35, "young_deaths": 22, "births": 58.0, "policy_mean_ms": 0.8987982610120305, "policy_p95_ms": 1.6235999974014703, "wall": 41.19653010000184}
{"variant": "site_tight", "seed": 20, "replicate": 0, "score": 554.5368239329272, "time": 549.9000000000565, "alive": 0, "eaten": 27, "starved": 37, "young_deaths": 18, "births": 59.0, "policy_mean_ms": 0.9582957810400334, "policy_p95_ms": 1.728499999444466, "wall": 40.855988700001035}
{"variant": "baseline", "seed": 11, "replicate": 1, "score": 688.2628519478266, "time": 701.4000000000909, "alive": 0, "eaten": 38, "starved": 38, "young_deaths": 23, "births": 71.0, "policy_mean_ms": 0.8031040775554549, "policy_p95_ms": 1.5657000003557187, "wall": 47.175643700000364}
{"variant": "site_high", "seed": 11, "replicate": 1, "score": 749.8974275166298, "time": 732.300000000098, "alive": 0, "eaten": 33, "starved": 45, "young_deaths": 25, "births": 73.0, "policy_mean_ms": 0.9588938549554819, "policy_p95_ms": 2.041899999312591, "wall": 55.60548750000089}
{"variant": "baseline", "seed": 12, "replicate": 1, "score": 601.3460569679031, "time": 588.9000000000653, "alive": 0, "eaten": 24, "starved": 47, "young_deaths": 27, "births": 66.0, "policy_mean_ms": 0.8855345559523577, "policy_p95_ms": 1.8159000028390437, "wall": 43.13576450000255}
{"variant": "site_only", "seed": 12, "replicate": 1, "score": 622.7425791850509, "time": 601.3000000000682, "alive": 0, "eaten": 19, "starved": 41, "young_deaths": 19, "births": 55.0, "policy_mean_ms": 0.8155761350333288, "policy_p95_ms": 1.5509000004385598, "wall": 38.84498160000294}
{"variant": "site_tight", "seed": 11, "replicate": 1, "score": 807.1603486923077, "time": 787.5000000001105, "alive": 0, "eaten": 42, "starved": 44, "young_deaths": 32, "births": 81.0, "policy_mean_ms": 0.8258010793661159, "policy_p95_ms": 1.6514999988430645, "wall": 56.55879500000083}
{"variant": "site_low", "seed": 12, "replicate": 1, "score": 520.0074297986705, "time": 504.1000000000461, "alive": 0, "eaten": 21, "starved": 34, "young_deaths": 18, "births": 50.0, "policy_mean_ms": 0.7091602856848539, "policy_p95_ms": 1.293900000746362, "wall": 33.38526980000097}
{"variant": "site_low", "seed": 11, "replicate": 1, "score": 1109.8303100298194, "time": 1061.3000000001302, "alive": 0, "eaten": 42, "starved": 56, "young_deaths": 39, "births": 93.0, "policy_mean_ms": 0.6693008009297452, "policy_p95_ms": 1.5377999989141244, "wall": 72.30694099999891}
{"variant": "baseline", "seed": 13, "replicate": 1, "score": 416.10749140359144, "time": 390.70000000002034, "alive": 0, "eaten": 2, "starved": 34, "young_deaths": 5, "births": 31.0, "policy_mean_ms": 0.6864874328183873, "policy_p95_ms": 1.3384000012592878, "wall": 21.144108899999992}
{"variant": "site_tight", "seed": 12, "replicate": 1, "score": 494.2036558911604, "time": 471.5000000000387, "alive": 0, "eaten": 14, "starved": 34, "young_deaths": 19, "births": 43.0, "policy_mean_ms": 0.7551142099691016, "policy_p95_ms": 1.5356999974756036, "wall": 28.40752159999829}
{"variant": "site_low", "seed": 13, "replicate": 1, "score": 536.8855818650859, "time": 529.4000000000518, "alive": 0, "eaten": 25, "starved": 30, "young_deaths": 25, "births": 50.0, "policy_mean_ms": 0.49636222138017017, "policy_p95_ms": 1.1174000028404407, "wall": 25.91733749999912}
{"variant": "site_only", "seed": 13, "replicate": 1, "score": 475.7765355846848, "time": 459.9000000000361, "alive": 0, "eaten": 16, "starved": 30, "young_deaths": 13, "births": 41.0, "policy_mean_ms": 0.6461426179556253, "policy_p95_ms": 1.3151999992260244, "wall": 26.765892899999017}
{"variant": "site_only", "seed": 11, "replicate": 1, "score": 1343.0397341433645, "time": 1319.899999999895, "alive": 0, "eaten": 63, "starved": 79, "young_deaths": 62, "births": 137.0, "policy_mean_ms": 0.7213866959718557, "policy_p95_ms": 1.5355999967141543, "wall": 96.89180480000141}
{"variant": "site_high", "seed": 12, "replicate": 1, "score": 758.4815253081427, "time": 763.400000000105, "alive": 0, "eaten": 43, "starved": 47, "young_deaths": 30, "births": 85.0, "policy_mean_ms": 0.713159627956888, "policy_p95_ms": 1.4804000020376407, "wall": 42.27493630000026}
{"variant": "baseline", "seed": 14, "replicate": 1, "score": 730.4163330471522, "time": 706.200000000092, "alive": 0, "eaten": 20, "starved": 49, "young_deaths": 21, "births": 64.0, "policy_mean_ms": 0.7349103653251814, "policy_p95_ms": 1.4632999991590623, "wall": 41.667984499999875}
{"variant": "site_tight", "seed": 13, "replicate": 1, "score": 889.9401544159545, "time": 861.9000000001274, "alive": 0, "eaten": 23, "starved": 52, "young_deaths": 22, "births": 70.0, "policy_mean_ms": 0.6185047453091167, "policy_p95_ms": 1.1952000022574794, "wall": 51.462260099997366}
{"variant": "site_high", "seed": 13, "replicate": 1, "score": 942.8383006353507, "time": 945.5000000001464, "alive": 0, "eaten": 47, "starved": 50, "young_deaths": 26, "births": 92.0, "policy_mean_ms": 0.6404762453875511, "policy_p95_ms": 1.3526000002457295, "wall": 69.9494758999972}
{"variant": "site_only", "seed": 14, "replicate": 1, "score": 677.6739151635197, "time": 701.1000000000909, "alive": 0, "eaten": 48, "starved": 52, "young_deaths": 45, "births": 95.0, "policy_mean_ms": 0.934099614921488, "policy_p95_ms": 1.8319999981031287, "wall": 49.53417350000018}
{"variant": "site_tight", "seed": 14, "replicate": 1, "score": 586.4858793584467, "time": 594.7000000000667, "alive": 0, "eaten": 33, "starved": 39, "young_deaths": 28, "births": 67.0, "policy_mean_ms": 0.953649335786464, "policy_p95_ms": 2.042500000243308, "wall": 44.44131449999986}
{"variant": "site_high", "seed": 14, "replicate": 1, "score": 971.4838926517608, "time": 951.2000000001477, "alive": 0, "eaten": 41, "starved": 52, "young_deaths": 33, "births": 88.0, "policy_mean_ms": 0.8706344722253703, "policy_p95_ms": 1.7274999991059303, "wall": 69.37451409999994}
{"variant": "site_low", "seed": 14, "replicate": 1, "score": 960.0669971550955, "time": 958.2000000001493, "alive": 0, "eaten": 51, "starved": 67, "young_deaths": 48, "births": 113.0, "policy_mean_ms": 1.0416882592243941, "policy_p95_ms": 2.0904999983031303, "wall": 72.2345297000029}
{"variant": "baseline", "seed": 15, "replicate": 1, "score": 758.3718980298481, "time": 712.9000000000935, "alive": 0, "eaten": 13, "starved": 49, "young_deaths": 17, "births": 57.0, "policy_mean_ms": 0.6236806985484714, "policy_p95_ms": 1.3326999978744425, "wall": 40.05998719999843}
{"variant": "site_high", "seed": 15, "replicate": 1, "score": 413.9050725046732, "time": 389.00000000001995, "alive": 0, "eaten": 12, "starved": 26, "young_deaths": 8, "births": 33.0, "policy_mean_ms": 1.145625732664447, "policy_p95_ms": 2.0613999986380804, "wall": 31.158612499999435}
{"variant": "site_tight", "seed": 15, "replicate": 1, "score": 724.5313072933272, "time": 696.7000000000899, "alive": 0, "eaten": 23, "starved": 48, "young_deaths": 21, "births": 66.0, "policy_mean_ms": 0.7798280034408374, "policy_p95_ms": 1.517600001534447, "wall": 51.9970934999983}
{"variant": "site_only", "seed": 15, "replicate": 1, "score": 859.789402254562, "time": 844.5000000001235, "alive": 0, "eaten": 32, "starved": 49, "young_deaths": 22, "births": 76.0, "policy_mean_ms": 0.7320819301724399, "policy_p95_ms": 1.4747999994142447, "wall": 66.9787436000006}
{"variant": "site_low", "seed": 16, "replicate": 1, "score": 561.28306156766, "time": 528.9000000000517, "alive": 0, "eaten": 10, "starved": 38, "young_deaths": 15, "births": 43.0, "policy_mean_ms": 0.8842417848245497, "policy_p95_ms": 1.8139999992854428, "wall": 34.19961880000119}
{"variant": "site_low", "seed": 15, "replicate": 1, "score": 924.9026386774761, "time": 883.1000000001322, "alive": 0, "eaten": 19, "starved": 63, "young_deaths": 22, "births": 77.0, "policy_mean_ms": 0.732983920257644, "policy_p95_ms": 1.4993999975558836, "wall": 66.22139969999989}
{"variant": "baseline", "seed": 16, "replicate": 1, "score": 795.3592315392361, "time": 761.9000000001047, "alive": 0, "eaten": 35, "starved": 49, "young_deaths": 29, "births": 79.0, "policy_mean_ms": 0.9162889093092315, "policy_p95_ms": 1.7179999995278195, "wall": 53.238278299999365}
{"variant": "site_only", "seed": 16, "replicate": 1, "score": 816.561666617251, "time": 792.5000000001116, "alive": 0, "eaten": 37, "starved": 49, "young_deaths": 22, "births": 81.0, "policy_mean_ms": 0.9412177413400322, "policy_p95_ms": 1.9142999990435783, "wall": 56.646521999999095}
{"variant": "site_high", "seed": 16, "replicate": 1, "score": 647.3535404656935, "time": 687.7000000000878, "alive": 0, "eaten": 55, "starved": 40, "young_deaths": 31, "births": 90.0, "policy_mean_ms": 0.9646236294877732, "policy_p95_ms": 1.9963999984611291, "wall": 53.53094699999929}
{"variant": "site_tight", "seed": 16, "replicate": 1, "score": 664.0786166515791, "time": 621.6000000000728, "alive": 0, "eaten": 20, "starved": 43, "young_deaths": 18, "births": 58.0, "policy_mean_ms": 0.7819615025928238, "policy_p95_ms": 1.5275000005203765, "wall": 43.527807499998744}
{"variant": "site_high", "seed": 17, "replicate": 1, "score": 477.4191078252016, "time": 449.60000000003373, "alive": 0, "eaten": 5, "starved": 30, "young_deaths": 4, "births": 30.0, "policy_mean_ms": 0.5883243105226518, "policy_p95_ms": 1.1441000024206005, "wall": 26.930026999998518}
{"variant": "site_only", "seed": 17, "replicate": 1, "score": 784.4007155018489, "time": 730.2000000000975, "alive": 0, "eaten": 9, "starved": 58, "young_deaths": 15, "births": 62.0, "policy_mean_ms": 0.6552500547943984, "policy_p95_ms": 1.239299999724608, "wall": 51.49533660000088}
{"variant": "site_low", "seed": 17, "replicate": 1, "score": 748.0800835145602, "time": 707.0000000000922, "alive": 0, "eaten": 16, "starved": 54, "young_deaths": 18, "births": 65.0, "policy_mean_ms": 0.685505671862388, "policy_p95_ms": 1.4570999992429279, "wall": 47.71076920000269}
{"variant": "baseline", "seed": 17, "replicate": 1, "score": 962.4965381377174, "time": 925.1000000001418, "alive": 0, "eaten": 26, "starved": 53, "young_deaths": 22, "births": 74.0, "policy_mean_ms": 0.526670003199279, "policy_p95_ms": 1.0509999992791563, "wall": 58.01496469999984}
{"variant": "site_tight", "seed": 17, "replicate": 1, "score": 750.1442697525175, "time": 732.300000000098, "alive": 0, "eaten": 27, "starved": 44, "young_deaths": 20, "births": 66.0, "policy_mean_ms": 0.7451985797838754, "policy_p95_ms": 1.4833999994152691, "wall": 55.55704170000172}
{"variant": "baseline", "seed": 18, "replicate": 1, "score": 897.4105270986764, "time": 891.7000000001342, "alive": 0, "eaten": 38, "starved": 48, "young_deaths": 30, "births": 81.0, "policy_mean_ms": 0.5258268027705961, "policy_p95_ms": 1.186599998618476, "wall": 52.00587209999867}
{"variant": "site_tight", "seed": 18, "replicate": 1, "score": 411.29837849629155, "time": 396.2000000000216, "alive": 0, "eaten": 19, "starved": 28, "young_deaths": 14, "births": 42.0, "policy_mean_ms": 0.7127052498354031, "policy_p95_ms": 1.2835999987146351, "wall": 27.875493199997436}
{"variant": "site_high", "seed": 18, "replicate": 1, "score": 692.3376039873964, "time": 657.700000000081, "alive": 0, "eaten": 17, "starved": 37, "young_deaths": 15, "births": 49.0, "policy_mean_ms": 0.5355952257838336, "policy_p95_ms": 0.9485000009590294, "wall": 42.196276300001045}
{"variant": "site_low", "seed": 18, "replicate": 1, "score": 812.5153879112241, "time": 773.4000000001073, "alive": 0, "eaten": 21, "starved": 50, "young_deaths": 19, "births": 66.0, "policy_mean_ms": 0.6356391776633096, "policy_p95_ms": 1.2841999996453524, "wall": 57.111008500000025}
{"variant": "site_only", "seed": 18, "replicate": 1, "score": 935.6696827845986, "time": 889.7000000001337, "alive": 0, "eaten": 18, "starved": 55, "young_deaths": 16, "births": 68.0, "policy_mean_ms": 0.6223083061661275, "policy_p95_ms": 1.2083999972674064, "wall": 63.501645199998165}
{"variant": "baseline", "seed": 19, "replicate": 1, "score": 653.4429694583074, "time": 634.9000000000758, "alive": 0, "eaten": 34, "starved": 37, "young_deaths": 26, "births": 66.0, "policy_mean_ms": 0.7669894629024997, "policy_p95_ms": 1.4570999992429279, "wall": 42.10748690000037}
{"variant": "site_only", "seed": 19, "replicate": 1, "score": 478.02489962600094, "time": 455.300000000035, "alive": 0, "eaten": 26, "starved": 19, "young_deaths": 16, "births": 40.0, "policy_mean_ms": 0.9013653635134182, "policy_p95_ms": 1.5811000012035947, "wall": 32.39482829999906}
{"variant": "site_high", "seed": 19, "replicate": 1, "score": 596.3644405126176, "time": 572.8000000000617, "alive": 0, "eaten": 25, "starved": 43, "young_deaths": 26, "births": 63.0, "policy_mean_ms": 0.9549617493226762, "policy_p95_ms": 1.6365000010409858, "wall": 43.58383269999831}
{"variant": "site_low", "seed": 19, "replicate": 1, "score": 838.3471386898988, "time": 815.1000000001168, "alive": 0, "eaten": 26, "starved": 48, "young_deaths": 19, "births": 69.0, "policy_mean_ms": 0.7591361918798988, "policy_p95_ms": 1.351899998553563, "wall": 54.42605259999982}
{"variant": "site_low", "seed": 20, "replicate": 1, "score": 651.0624979826899, "time": 629.1000000000745, "alive": 0, "eaten": 19, "starved": 33, "young_deaths": 17, "births": 47.0, "policy_mean_ms": 0.6617078047643489, "policy_p95_ms": 1.4609999998356216, "wall": 33.18225429999802}
{"variant": "baseline", "seed": 20, "replicate": 1, "score": 653.1646272014902, "time": 694.3000000000893, "alive": 0, "eaten": 52, "starved": 26, "young_deaths": 29, "births": 73.0, "policy_mean_ms": 0.656351577116385, "policy_p95_ms": 1.3889000001654495, "wall": 44.81615999999849}
{"variant": "site_high", "seed": 20, "replicate": 1, "score": 615.3045392076144, "time": 594.1000000000665, "alive": 0, "eaten": 26, "starved": 41, "young_deaths": 26, "births": 62.0, "policy_mean_ms": 0.8596359535373186, "policy_p95_ms": 1.6221000005316455, "wall": 39.879324199999246}
{"variant": "site_tight", "seed": 19, "replicate": 1, "score": 894.9644212596536, "time": 869.2000000001291, "alive": 0, "eaten": 39, "starved": 51, "young_deaths": 29, "births": 85.0, "policy_mean_ms": 0.7616438679379728, "policy_p95_ms": 1.4155000026221387, "wall": 58.779990299997735}
{"variant": "site_only", "seed": 20, "replicate": 1, "score": 915.7411004041195, "time": 937.9000000001447, "alive": 0, "eaten": 64, "starved": 54, "young_deaths": 49, "births": 113.0, "policy_mean_ms": 0.7581779187391602, "policy_p95_ms": 1.5652000001864508, "wall": 57.81611350000094}
{"variant": "baseline", "seed": 12, "replicate": 2, "score": 342.66989427315747, "time": 338.6000000000085, "alive": 0, "eaten": 13, "starved": 23, "young_deaths": 12, "births": 31.0, "policy_mean_ms": 0.7541961606414239, "policy_p95_ms": 1.3694000008399598, "wall": 20.022619500003202}
{"variant": "site_tight", "seed": 20, "replicate": 1, "score": 943.6590933698131, "time": 897.9000000001356, "alive": 0, "eaten": 21, "starved": 63, "young_deaths": 20, "births": 79.0, "policy_mean_ms": 0.6448532464435579, "policy_p95_ms": 1.4026999997440726, "wall": 53.905659600000945}
{"variant": "site_only", "seed": 11, "replicate": 2, "score": 756.8424135076658, "time": 751.3000000001023, "alive": 0, "eaten": 46, "starved": 47, "young_deaths": 32, "births": 88.0, "policy_mean_ms": 0.6041330094473549, "policy_p95_ms": 1.4409999967028853, "wall": 49.71938450000016}
{"variant": "baseline", "seed": 11, "replicate": 2, "score": 975.6333755593777, "time": 967.4000000001514, "alive": 0, "eaten": 49, "starved": 53, "young_deaths": 39, "births": 97.0, "policy_mean_ms": 0.6294393942254425, "policy_p95_ms": 1.3768000026175287, "wall": 54.4295560999999}
{"variant": "site_high", "seed": 11, "replicate": 2, "score": 645.5892083040991, "time": 639.7000000000769, "alive": 0, "eaten": 40, "starved": 35, "young_deaths": 30, "births": 70.0, "policy_mean_ms": 0.7571354697475908, "policy_p95_ms": 1.640800001041498, "wall": 39.585218399999576}
{"variant": "site_tight", "seed": 11, "replicate": 2, "score": 775.2767649467066, "time": 736.800000000099, "alive": 0, "eaten": 21, "starved": 44, "young_deaths": 20, "births": 60.0, "policy_mean_ms": 0.6301255157386816, "policy_p95_ms": 1.2969000017619692, "wall": 42.05506459999742}
{"variant": "site_low", "seed": 11, "replicate": 2, "score": 780.724198117432, "time": 790.4000000001112, "alive": 0, "eaten": 53, "starved": 48, "young_deaths": 37, "births": 96.0, "policy_mean_ms": 0.7545413588383489, "policy_p95_ms": 1.5657000003557187, "wall": 54.6633617999978}
{"variant": "site_only", "seed": 12, "replicate": 2, "score": 486.78904825761555, "time": 477.7000000000401, "alive": 0, "eaten": 22, "starved": 31, "young_deaths": 21, "births": 48.0, "policy_mean_ms": 0.7155392505563302, "policy_p95_ms": 1.341099999990547, "wall": 29.011717800000042}
{"variant": "site_low", "seed": 12, "replicate": 2, "score": 504.5894518984382, "time": 473.6000000000392, "alive": 0, "eaten": 11, "starved": 32, "young_deaths": 15, "births": 38.0, "policy_mean_ms": 0.7875134290992031, "policy_p95_ms": 1.2786000006599352, "wall": 29.024233600001025}
{"variant": "site_high", "seed": 12, "replicate": 2, "score": 574.2587312320314, "time": 581.4000000000636, "alive": 0, "eaten": 32, "starved": 37, "young_deaths": 29, "births": 64.0, "policy_mean_ms": 0.9558120914755524, "policy_p95_ms": 2.0388999982969835, "wall": 46.1366909999997}
{"variant": "site_tight", "seed": 12, "replicate": 2, "score": 720.9823740615901, "time": 686.9000000000876, "alive": 0, "eaten": 13, "starved": 52, "young_deaths": 17, "births": 60.0, "policy_mean_ms": 0.7504836075009788, "policy_p95_ms": 1.3422000010905322, "wall": 45.17897119999907}
{"variant": "site_only", "seed": 13, "replicate": 2, "score": 775.7957000362701, "time": 762.1000000001047, "alive": 0, "eaten": 21, "starved": 46, "young_deaths": 12, "births": 62.0, "policy_mean_ms": 0.7120597559438318, "policy_p95_ms": 1.409699998475844, "wall": 47.78348349999942}
{"variant": "baseline", "seed": 13, "replicate": 2, "score": 953.0143545153595, "time": 909.5000000001382, "alive": 0, "eaten": 19, "starved": 58, "young_deaths": 18, "births": 72.0, "policy_mean_ms": 0.6806406487203801, "policy_p95_ms": 1.3901999991503544, "wall": 58.920147000000725}
{"variant": "site_low", "seed": 13, "replicate": 2, "score": 786.2282931179553, "time": 770.4000000001066, "alive": 0, "eaten": 32, "starved": 45, "young_deaths": 26, "births": 72.0, "policy_mean_ms": 0.7950864226332365, "policy_p95_ms": 1.5469999998458661, "wall": 50.71268380000038}
{"variant": "site_tight", "seed": 13, "replicate": 2, "score": 885.6543118566963, "time": 849.1000000001245, "alive": 0, "eaten": 18, "starved": 56, "young_deaths": 26, "births": 69.0, "policy_mean_ms": 0.6727931456498021, "policy_p95_ms": 1.4469999987340998, "wall": 52.80797679999887}
{"variant": "site_high", "seed": 13, "replicate": 2, "score": 1118.9466257892673, "time": 1096.5000000000982, "alive": 0, "eaten": 37, "starved": 54, "young_deaths": 28, "births": 86.0, "policy_mean_ms": 0.49598992246761475, "policy_p95_ms": 1.1570000024221372, "wall": 64.5114418000012}
{"variant": "baseline", "seed": 15, "replicate": 2, "score": 745.3601276481022, "time": 725.4000000000964, "alive": 0, "eaten": 31, "starved": 43, "young_deaths": 23, "births": 69.0, "policy_mean_ms": 0.5907853736230962, "policy_p95_ms": 1.246699997864198, "wall": 46.876700799999526}
{"variant": "site_tight", "seed": 14, "replicate": 2, "score": 817.3433012581664, "time": 818.8000000001176, "alive": 0, "eaten": 43, "starved": 58, "young_deaths": 37, "births": 96.0, "policy_mean_ms": 1.0135498045899978, "policy_p95_ms": 1.9130000000586733, "wall": 61.017842199998995}
{"variant": "site_low", "seed": 14, "replicate": 2, "score": 980.8271333674595, "time": 986.6000000001558, "alive": 0, "eaten": 56, "starved": 51, "young_deaths": 40, "births": 102.0, "policy_mean_ms": 0.6453765254190251, "policy_p95_ms": 1.3485999988915864, "wall": 66.11184380000122}
{"variant": "site_only", "seed": 14, "replicate": 2, "score": 966.4356094829669, "time": 978.800000000154, "alive": 0, "eaten": 56, "starved": 53, "young_deaths": 27, "births": 104.0, "policy_mean_ms": 0.8636840621181386, "policy_p95_ms": 1.6905000011320226, "wall": 80.84473530000105}
{"variant": "baseline", "seed": 14, "replicate": 2, "score": 1159.9388494251857, "time": 1171.3000000000302, "alive": 0, "eaten": 52, "starved": 83, "young_deaths": 57, "births": 130.0, "policy_mean_ms": 0.8312639631275831, "policy_p95_ms": 1.7169999991892837, "wall": 82.68316739999864}
{"variant": "site_high", "seed": 14, "replicate": 2, "score": 950.5576046599889, "time": 936.3000000001443, "alive": 0, "eaten": 39, "starved": 72, "young_deaths": 36, "births": 106.0, "policy_mean_ms": 0.9651160418539132, "policy_p95_ms": 2.1689999994123355, "wall": 67.17999620000046}
{"variant": "site_only", "seed": 15, "replicate": 2, "score": 637.7418721687611, "time": 614.5000000000712, "alive": 0, "eaten": 20, "starved": 41, "young_deaths": 21, "births": 56.0, "policy_mean_ms": 0.7746605695740073, "policy_p95_ms": 1.625400000193622, "wall": 43.73576300000059}
{"variant": "site_high", "seed": 15, "replicate": 2, "score": 383.46296450048584, "time": 362.5000000000139, "alive": 0, "eaten": 10, "starved": 22, "young_deaths": 6, "births": 27.0, "policy_mean_ms": 0.904193793100321, "policy_p95_ms": 1.7307000016444363, "wall": 26.973479599997518}
{"variant": "site_low", "seed": 16, "replicate": 2, "score": 636.9358469763918, "time": 617.6000000000719, "alive": 0, "eaten": 20, "starved": 48, "young_deaths": 23, "births": 63.0, "policy_mean_ms": 0.9101196729225053, "policy_p95_ms": 1.6140999978233594, "wall": 42.89045049999913}
{"variant": "site_only", "seed": 16, "replicate": 2, "score": 607.0279976921188, "time": 563.2000000000595, "alive": 0, "eaten": 19, "starved": 50, "young_deaths": 22, "births": 64.0, "policy_mean_ms": 1.2573240234513865, "policy_p95_ms": 2.4284999999508727, "wall": 45.57168539999839}
{"variant": "baseline", "seed": 16, "replicate": 2, "score": 700.2418100246459, "time": 667.1000000000831, "alive": 0, "eaten": 25, "starved": 44, "young_deaths": 22, "births": 64.0, "policy_mean_ms": 0.9685578173970854, "policy_p95_ms": 2.0208999994792975, "wall": 47.55863179999869}
{"variant": "site_low", "seed": 15, "replicate": 2, "score": 755.8555936724654, "time": 733.0000000000981, "alive": 0, "eaten": 23, "starved": 48, "young_deaths": 26, "births": 66.0, "policy_mean_ms": 0.7653790859366645, "policy_p95_ms": 1.6596999994362704, "wall": 53.874060800000734}
{"variant": "site_high", "seed": 16, "replicate": 2, "score": 686.3287058379489, "time": 672.9000000000844, "alive": 0, "eaten": 29, "starved": 42, "young_deaths": 25, "births": 66.0, "policy_mean_ms": 0.9096976965522353, "policy_p95_ms": 1.560199998493772, "wall": 48.04591920000166}
{"variant": "site_tight", "seed": 15, "replicate": 2, "score": 813.8164501080449, "time": 774.4000000001075, "alive": 0, "eaten": 26, "starved": 47, "young_deaths": 23, "births": 68.0, "policy_mean_ms": 0.9008276084393612, "policy_p95_ms": 1.553599999169819, "wall": 64.3178654000003}
{"variant": "site_tight", "seed": 17, "replicate": 2, "score": 488.5362853389612, "time": 456.4000000000353, "alive": 0, "eaten": 6, "starved": 31, "young_deaths": 4, "births": 32.0, "policy_mean_ms": 0.801670333068509, "policy_p95_ms": 1.4913999984855764, "wall": 33.11236640000061}
{"variant": "site_tight", "seed": 16, "replicate": 2, "score": 997.5025925911091, "time": 954.8000000001485, "alive": 0, "eaten": 27, "starved": 65, "young_deaths": 32, "births": 87.0, "policy_mean_ms": 0.7784746229527651, "policy_p95_ms": 1.8459999992046505, "wall": 61.1215766000023}
{"variant": "site_only", "seed": 17, "replicate": 2, "score": 609.5307014601422, "time": 583.4000000000641, "alive": 0, "eaten": 21, "starved": 39, "young_deaths": 15, "births": 55.0, "policy_mean_ms": 0.8511227802534004, "policy_p95_ms": 1.476999997976236, "wall": 44.61577359999865}
{"variant": "baseline", "seed": 17, "replicate": 2, "score": 763.2607678463445, "time": 736.3000000000989, "alive": 0, "eaten": 22, "starved": 48, "young_deaths": 20, "births": 65.0, "policy_mean_ms": 0.6243579926625717, "policy_p95_ms": 1.225799998792354, "wall": 49.191298499998084}
{"variant": "site_high", "seed": 17, "replicate": 2, "score": 840.2242913121794, "time": 790.2000000001111, "alive": 0, "eaten": 8, "starved": 48, "young_deaths": 13, "births": 51.0, "policy_mean_ms": 0.638014920251877, "policy_p95_ms": 1.4391000004252419, "wall": 52.224036600000545}
{"variant": "site_low", "seed": 17, "replicate": 2, "score": 801.0812731158518, "time": 771.0000000001068, "alive": 0, "eaten": 29, "starved": 33, "young_deaths": 18, "births": 57.0, "policy_mean_ms": 0.8466465499504012, "policy_p95_ms": 1.6790000008768402, "wall": 61.42761360000077}
{"variant": "baseline", "seed": 18, "replicate": 2, "score": 819.7615837169931, "time": 796.4000000001125, "alive": 0, "eaten": 26, "starved": 46, "young_deaths": 22, "births": 67.0, "policy_mean_ms": 0.5983660597632414, "policy_p95_ms": 1.3206999974499922, "wall": 52.820267799997964}
{"variant": "site_only", "seed": 18, "replicate": 2, "score": 730.2297816367033, "time": 691.7000000000887, "alive": 0, "eaten": 10, "starved": 52, "young_deaths": 16, "births": 57.0, "policy_mean_ms": 0.6231085008210305, "policy_p95_ms": 1.301100001001032, "wall": 44.73430830000143}
{"variant": "site_high", "seed": 18, "replicate": 2, "score": 688.5160480348518, "time": 662.8000000000822, "alive": 0, "eaten": 20, "starved": 49, "young_deaths": 19, "births": 64.0, "policy_mean_ms": 0.6697496831786837, "policy_p95_ms": 1.1880000020028092, "wall": 45.50674610000351}
{"variant": "site_low", "seed": 18, "replicate": 2, "score": 913.9101822501516, "time": 868.900000000129, "alive": 0, "eaten": 25, "starved": 57, "young_deaths": 24, "births": 77.0, "policy_mean_ms": 0.5511506962865007, "policy_p95_ms": 1.0452999995322898, "wall": 52.8677228000015}
{"variant": "baseline", "seed": 19, "replicate": 2, "score": 758.0162200987993, "time": 767.600000000106, "alive": 0, "eaten": 38, "starved": 50, "young_deaths": 36, "births": 83.0, "policy_mean_ms": 0.769749830626766, "policy_p95_ms": 1.4716000005137175, "wall": 51.96946240000034}
{"variant": "site_tight", "seed": 18, "replicate": 2, "score": 968.41734966238, "time": 928.6000000001426, "alive": 0, "eaten": 23, "starved": 52, "young_deaths": 20, "births": 70.0, "policy_mean_ms": 0.6119785052788965, "policy_p95_ms": 1.110299999709241, "wall": 65.03043669999897}
{"variant": "site_only", "seed": 19, "replicate": 2, "score": 963.4615154318122, "time": 933.4000000001437, "alive": 0, "eaten": 36, "starved": 63, "young_deaths": 38, "births": 94.0, "policy_mean_ms": 0.8517386222606546, "policy_p95_ms": 1.6011999978218228, "wall": 64.51124459999846}
{"variant": "site_low", "seed": 19, "replicate": 2, "score": 791.2291333967268, "time": 771.900000000107, "alive": 0, "eaten": 22, "starved": 71, "young_deaths": 38, "births": 88.0, "policy_mean_ms": 1.3911000907052915, "policy_p95_ms": 4.080999999132473, "wall": 63.677754399999685}
{"variant": "baseline", "seed": 20, "replicate": 2, "score": 835.0495382024313, "time": 798.300000000113, "alive": 0, "eaten": 20, "starved": 60, "young_deaths": 32, "births": 75.0, "policy_mean_ms": 0.7940544657204214, "policy_p95_ms": 1.432500001101289, "wall": 49.49391619999733}
{"variant": "site_only", "seed": 20, "replicate": 2, "score": 674.7978844801862, "time": 671.100000000084, "alive": 0, "eaten": 40, "starved": 42, "young_deaths": 36, "births": 77.0, "policy_mean_ms": 1.037760527508451, "policy_p95_ms": 2.1565999995800667, "wall": 48.07482610000079}
{"variant": "site_tight", "seed": 19, "replicate": 2, "score": 1077.8169239861302, "time": 1066.5000000001255, "alive": 0, "eaten": 56, "starved": 63, "young_deaths": 48, "births": 114.0, "policy_mean_ms": 0.6444238349547147, "policy_p95_ms": 1.3628000015160069, "wall": 70.4405431999985}
{"variant": "site_high", "seed": 20, "replicate": 2, "score": 499.69346423696675, "time": 462.7000000000367, "alive": 0, "eaten": 9, "starved": 37, "young_deaths": 9, "births": 41.0, "policy_mean_ms": 0.9270165118143886, "policy_p95_ms": 1.5447000005224254, "wall": 33.98774390000108}
{"variant": "site_high", "seed": 19, "replicate": 2, "score": 1219.6282775722102, "time": 1184.4000000000183, "alive": 0, "eaten": 46, "starved": 76, "young_deaths": 47, "births": 117.0, "policy_mean_ms": 0.9851279297759866, "policy_p95_ms": 1.9589000003179535, "wall": 82.77989220000018}
{"variant": "site_low", "seed": 20, "replicate": 2, "score": 864.6176417962574, "time": 834.4000000001212, "alive": 0, "eaten": 26, "starved": 63, "young_deaths": 32, "births": 84.0, "policy_mean_ms": 0.7534720757523676, "policy_p95_ms": 1.5382999990833923, "wall": 55.62873279999985}
{"variant": "site_tight", "seed": 20, "replicate": 2, "score": 963.8901154321228, "time": 994.2000000001575, "alive": 0, "eaten": 69, "starved": 64, "young_deaths": 57, "births": 128.0, "policy_mean_ms": 0.6626650874913174, "policy_p95_ms": 1.3405999998212792, "wall": 59.186312399997405}
raw runs written to runs_site.json
Same seeds are not deterministic across processes; compare distributions, not paired wins.
SUMMARY {"variant": "baseline", "runs": 30, "mean": 750.3731454354942, "median": 752.5417808397017, "minimum": 342.66989427315747, "maximum": 1159.9388494251857, "stdev": 175.76991410066518, "survived": 0, "mean_policy_ms": 0.7127055782854347, "eaten": 840, "starved": 1355, "young_deaths": 743, "births": 2045.0}
SUMMARY {"variant": "site_only", "runs": 30, "mean": 748.4167275036859, "median": 729.3647296073023, "minimum": 475.7765355846848, "maximum": 1343.0397341433645, "stdev": 189.92515338159768, "survived": 0, "mean_policy_ms": 0.800578533205981, "eaten": 907, "starved": 1415, "young_deaths": 772, "births": 2172.0}
SUMMARY {"variant": "site_low", "runs": 30, "mean": 754.5041854618089, "median": 785.0894847175222, "minimum": 461.6135837911529, "maximum": 1109.8303100298194, "stdev": 157.5426738772398, "survived": 0, "mean_policy_ms": 0.785070088241477, "eaten": 833, "starved": 1428, "young_deaths": 744, "births": 2111.0}
SUMMARY {"variant": "site_high", "runs": 30, "mean": 726.7390000393295, "median": 688.0368505308938, "minimum": 383.46296450048584, "maximum": 1326.1196184465728, "stdev": 235.07071968472522, "survived": 0, "mean_policy_ms": 0.7825939954887609, "eaten": 821, "starved": 1351, "young_deaths": 713, "births": 2022.0}
SUMMARY {"variant": "site_tight", "runs": 30, "mean": 784.5580813258453, "median": 815.5798756831057, "minimum": 411.29837849629155, "maximum": 1077.8169239861302, "stdev": 173.99036060728287, "survived": 0, "mean_policy_ms": 0.7454192468548536, "eaten": 841, "starved": 1483, "young_deaths": 764, "births": 2174.0}
