2026-09-18T10:31:05Z INF Thank you for trying Cloudflare Tunnel. Doing so, without a Cloudflare account, is a quick way to experiment and try it out. However, be aware that these account-less Tunnels have no uptime guarantee, are subject to the Cloudflare Online Services Terms of Use (https://www.cloudflare.com/website-terms/), and Cloudflare reserves the right to investigate your use of Tunnels for violations of such terms. If you intend to use Tunnels in production you should use a pre-created named tunnel by following: https://developers.cloudflare.com/cloudflare-one/connections/connect-apps
2026-09-18T10:31:05Z INF Requesting new quick Tunnel on trycloudflare.com...
2026-09-18T10:31:10Z INF +--------------------------------------------------------------------------------------------+
2026-09-18T10:31:10Z INF |  Your quick Tunnel has been created! Visit it at (it may take some time to be reachable):  |
2026-09-18T10:31:10Z INF |  https://toxic-eric-repairs-lang.trycloudflare.com                                         |
2026-09-18T10:31:10Z INF +--------------------------------------------------------------------------------------------+
2026-09-18T10:31:10Z INF Cannot determine default configuration path. No file [config.yml config.yaml] in [~/.cloudflared ~/.cloudflare-warp ~/cloudflare-warp]
2026-09-18T10:31:10Z INF Version 2026.9.1 (Checksum 2837888cc0f5d58f15b6dc478376de90b4d3ba5241c7947455d1e0a0df429712)
2026-09-18T10:31:10Z INF GOOS: windows, GOVersion: go1.26.8, GoArch: amd64
2026-09-18T10:31:10Z INF Settings: map[ha-connections:1 no-autoupdate:true protocol:quic url:http://127.0.0.1:9052]
2026-09-18T10:31:10Z INF cloudflared will not automatically update on Windows systems.
2026-09-18T10:31:10Z INF Generated Connector ID: 38618143-efef-43f3-8b61-7095deb4cba7
2026-09-18T10:31:10Z INF Initial protocol quic
2026-09-18T10:31:10Z INF ICMP proxy will use 192.168.1.112 as source for IPv4
2026-09-18T10:31:10Z INF ICMP proxy will use 2a13:8a02:b030:a200:b71c:84c0:5655:b1ba in zone Ethernet as source for IPv6
2026-09-18T10:31:10Z INF cloudflared does not support loading the system root certificate pool on Windows. Please use --origin-ca-pool <PATH> to specify the path to the certificate pool
2026-09-18T10:31:10Z INF ICMP proxy will use 192.168.1.112 as source for IPv4
2026-09-18T10:31:10Z INF Tunnel connection curve preferences: [X25519MLKEM768 CurveID(65074) CurveP256] connIndex=0 event=0 ip=2606:4700:a8::2
2026-09-18T10:31:10Z INF ICMP proxy will use 2a13:8a02:b030:a200:b71c:84c0:5655:b1ba in zone Ethernet as source for IPv6
2026-09-18T10:31:10Z INF Starting metrics server on 127.0.0.1:20242/metrics
2026-09-18T10:31:11Z INF +-------------------------------------------------------------------------------------+
2026-09-18T10:31:11Z INF |                               CONNECTIVITY PRE-CHECKS                               |
2026-09-18T10:31:11Z INF +-------------------------------------------------------------------------------------+
2026-09-18T10:31:11Z INF |  COMPONENT         TARGET                     STATUS  DETAILS                       |
2026-09-18T10:31:11Z INF |  DNS Resolution    region1.v2.argotunnel.com  PASS    DNS Resolved successfully     |
2026-09-18T10:31:11Z INF |  DNS Resolution    region2.v2.argotunnel.com  PASS    DNS Resolved successfully     |
2026-09-18T10:31:11Z INF |  UDP Connectivity  region1.v2.argotunnel.com  PASS    QUIC connection successful    |
2026-09-18T10:31:11Z INF |  UDP Connectivity  region2.v2.argotunnel.com  PASS    QUIC connection successful    |
2026-09-18T10:31:11Z INF |  TCP Connectivity  region1.v2.argotunnel.com  PASS    HTTP/2 connection successful  |
2026-09-18T10:31:11Z INF |  TCP Connectivity  region2.v2.argotunnel.com  PASS    HTTP/2 connection successful  |
2026-09-18T10:31:11Z INF |  Cloudflare API    api.cloudflare.com:443     PASS    API is reachable              |
2026-09-18T10:31:11Z INF |                                                                                     |
2026-09-18T10:31:11Z INF |  SUMMARY: Environment is healthy. cloudflared will use 'quic' as primary protocol.  |
2026-09-18T10:31:11Z INF +-------------------------------------------------------------------------------------+
2026-09-18T10:31:11Z INF precheck component="DNS Resolution" details="DNS Resolved successfully" run_id=3e60ca3c-0eb3-47c7-811e-6b4faee19d0b status=pass target=region1.v2.argotunnel.com
2026-09-18T10:31:11Z INF precheck component="DNS Resolution" details="DNS Resolved successfully" run_id=3e60ca3c-0eb3-47c7-811e-6b4faee19d0b status=pass target=region2.v2.argotunnel.com
2026-09-18T10:31:11Z INF precheck component="UDP Connectivity" details="QUIC connection successful" run_id=3e60ca3c-0eb3-47c7-811e-6b4faee19d0b status=pass target=region1.v2.argotunnel.com
2026-09-18T10:31:11Z INF precheck component="UDP Connectivity" details="QUIC connection successful" run_id=3e60ca3c-0eb3-47c7-811e-6b4faee19d0b status=pass target=region2.v2.argotunnel.com
2026-09-18T10:31:11Z INF precheck component="TCP Connectivity" details="HTTP/2 connection successful" run_id=3e60ca3c-0eb3-47c7-811e-6b4faee19d0b status=pass target=region1.v2.argotunnel.com
2026-09-18T10:31:11Z INF precheck component="TCP Connectivity" details="HTTP/2 connection successful" run_id=3e60ca3c-0eb3-47c7-811e-6b4faee19d0b status=pass target=region2.v2.argotunnel.com
2026-09-18T10:31:11Z INF precheck component="Cloudflare API" details="API is reachable" run_id=3e60ca3c-0eb3-47c7-811e-6b4faee19d0b status=pass target=api.cloudflare.com:443
2026-09-18T10:31:11Z INF precheck complete hard_fail=false run_id=3e60ca3c-0eb3-47c7-811e-6b4faee19d0b suggested_protocol=quic
2026-09-18T10:31:11Z INF Registered tunnel connection connIndex=0 connection=c2599a1e-c20f-4cb2-9bb7-44a27b462371 event=0 ip=2606:4700:a8::2 location=cph01 protocol=quic
2026-09-18T10:37:01Z ERR Serve tunnel error error="datagram manager error: write udp [::]:61275->[2606:4700:a8::2]:7844: wsasendto: En socket-handling blev forsøgt til et netværk, der ikke kunne nås." connIndex=0 event=0 ip=2606:4700:a8::2
2026-09-18T10:37:01Z INF Retrying connection in up to 1s connIndex=0 event=0 ip=2606:4700:a8::2
2026-09-18T10:37:03Z INF Tunnel connection curve preferences: [X25519MLKEM768 CurveID(65074) CurveP256] connIndex=0 event=0 ip=2606:4700:a8::2
2026-09-18T10:37:03Z ERR Failed to dial a quic connection error="failed to dial to edge with quic: write udp [::]:61275->[2606:4700:a8::2]:7844: wsasendto: En socket-handling blev forsøgt til et netværk, der ikke kunne nås." connIndex=0 event=0 ip=2606:4700:a8::2
2026-09-18T10:37:03Z INF Retrying connection in up to 4s connIndex=0 event=0 ip=2606:4700:a8::2
2026-09-18T10:37:05Z INF Tunnel connection curve preferences: [X25519MLKEM768 CurveID(65074) CurveP256] connIndex=0 event=0 ip=2606:4700:a0::1
2026-09-18T10:37:05Z INF Registered tunnel connection connIndex=0 connection=119ba281-6602-45fe-a6b2-2af0429fb198 event=0 ip=2606:4700:a0::1 location=fra08 protocol=quic
2026-09-18T11:37:02Z ERR Serve tunnel error error="datagram manager error: write udp [::]:61275->[2606:4700:a0::1]:7844: wsasendto: En socket-handling blev forsøgt til et netværk, der ikke kunne nås." connIndex=0 event=0 ip=2606:4700:a0::1
2026-09-18T11:37:02Z INF Retrying connection in up to 1s connIndex=0 event=0 ip=2606:4700:a0::1
2026-09-18T11:37:03Z INF Tunnel connection curve preferences: [X25519MLKEM768 CurveID(65074) CurveP256] connIndex=0 event=0 ip=2606:4700:a0::1
2026-09-18T11:37:03Z ERR Failed to dial a quic connection error="failed to dial to edge with quic: write udp [::]:61275->[2606:4700:a0::1]:7844: wsasendto: En socket-handling blev forsøgt til et netværk, der ikke kunne nås." connIndex=0 event=0 ip=2606:4700:a0::1
2026-09-18T11:37:03Z INF Retrying connection in up to 4s connIndex=0 event=0 ip=2606:4700:a0::1
2026-09-18T11:37:05Z INF Tunnel connection curve preferences: [X25519MLKEM768 CurveID(65074) CurveP256] connIndex=0 event=0 ip=198.41.192.57
2026-09-18T11:37:05Z INF Registered tunnel connection connIndex=0 connection=86a2e92e-561d-4277-ad44-085759a4975c event=0 ip=198.41.192.57 location=fra03 protocol=quic
2026-09-18T12:06:16Z ERR Failed to refresh DNS local resolver error="lookup region1.v2.argotunnel.com: i/o timeout"
